Component: ARM Compiler 5.06 update 1 (build 61) Tool: armlink [4d35a8]

==============================================================================

Section Cross References

    aht10.o(i.AHT_GetData) refers to iic.o(i.IIC_Start) for IIC_Start
    aht10.o(i.AHT_GetData) refers to iic.o(i.IIC_Send_Byte) for IIC_Send_Byte
    aht10.o(i.AHT_GetData) refers to iic.o(i.IIC_Stop) for IIC_Stop
    aht10.o(i.AHT_GetData) refers to iic.o(i.IIC_Read_Byte) for IIC_Read_Byte
    aht10.o(i.AHT_GetData) refers to dfltui.o(.text) for __aeabi_ui2d
    aht10.o(i.AHT_GetData) refers to dscalb.o(.text) for __ARM_scalbn
    aht10.o(i.AHT_GetData) refers to d2f.o(.text) for __aeabi_d2f
    aht10.o(i.AHT_GetData) refers to dadd.o(.text) for __aeabi_dsub
    aht10.o(i.AHT_GetData) refers to f2d.o(.text) for __aeabi_f2d
    aht10.o(i.AHT_GetData) refers to printfa.o(i.__0printf) for __2printf
    aht10.o(i.AHT_GetData) refers to aht10.o(.data) for .data
    aht10.o(i.AHT_GetData) refers to aht10.o(.bss) for .bss
    aht10.o(i.AHT_Init) refers to iic.o(i.IIC_Init) for IIC_Init
    aht10.o(i.AHT_Init) refers to iic.o(i.IIC_Start) for IIC_Start
    aht10.o(i.AHT_Init) refers to iic.o(i.IIC_Send_Byte) for IIC_Send_Byte
    aht10.o(i.AHT_Init) refers to iic.o(i.IIC_Stop) for IIC_Stop
    aht10.o(i.AHT_Init) refers to aht10.o(.bss) for .bss
    iic.o(i.IIC_Ack) refers to stm32f0xx_hal_gpio.o(i.HAL_GPIO_WritePin) for HAL_GPIO_WritePin
    iic.o(i.IIC_Ack) refers to iic.o(i.IIC_delay) for IIC_delay
    iic.o(i.IIC_Ack) refers to iic.o(i.SDA_OUT) for SDA_OUT
    iic.o(i.IIC_Init) refers to stm32f0xx_hal_gpio.o(i.HAL_GPIO_WritePin) for HAL_GPIO_WritePin
    iic.o(i.IIC_NAck) refers to stm32f0xx_hal_gpio.o(i.HAL_GPIO_WritePin) for HAL_GPIO_WritePin
    iic.o(i.IIC_NAck) refers to iic.o(i.IIC_delay) for IIC_delay
    iic.o(i.IIC_NAck) refers to iic.o(i.SDA_OUT) for SDA_OUT
    iic.o(i.IIC_Read_Byte) refers to iic.o(i.SDA_IN) for SDA_IN
    iic.o(i.IIC_Read_Byte) refers to stm32f0xx_hal_gpio.o(i.HAL_GPIO_WritePin) for HAL_GPIO_WritePin
    iic.o(i.IIC_Read_Byte) refers to iic.o(i.IIC_delay) for IIC_delay
    iic.o(i.IIC_Read_Byte) refers to stm32f0xx_hal_gpio.o(i.HAL_GPIO_ReadPin) for HAL_GPIO_ReadPin
    iic.o(i.IIC_Read_Byte) refers to iic.o(i.IIC_Ack) for IIC_Ack
    iic.o(i.IIC_Read_Byte) refers to iic.o(i.IIC_NAck) for IIC_NAck
    iic.o(i.IIC_Send_Byte) refers to iic.o(i.SDA_OUT) for SDA_OUT
    iic.o(i.IIC_Send_Byte) refers to stm32f0xx_hal_gpio.o(i.HAL_GPIO_WritePin) for HAL_GPIO_WritePin
    iic.o(i.IIC_Send_Byte) refers to iic.o(i.IIC_delay) for IIC_delay
    iic.o(i.IIC_Send_Byte) refers to iic.o(i.IIC_Wait_Ack) for IIC_Wait_Ack
    iic.o(i.IIC_Start) refers to stm32f0xx_hal_gpio.o(i.HAL_GPIO_WritePin) for HAL_GPIO_WritePin
    iic.o(i.IIC_Start) refers to iic.o(i.IIC_delay) for IIC_delay
    iic.o(i.IIC_Stop) refers to stm32f0xx_hal_gpio.o(i.HAL_GPIO_WritePin) for HAL_GPIO_WritePin
    iic.o(i.IIC_Stop) refers to iic.o(i.IIC_delay) for IIC_delay
    iic.o(i.IIC_Wait_Ack) refers to stm32f0xx_hal_gpio.o(i.HAL_GPIO_WritePin) for HAL_GPIO_WritePin
    iic.o(i.IIC_Wait_Ack) refers to iic.o(i.IIC_delay) for IIC_delay
    iic.o(i.SDA_IN) refers to stm32f0xx_hal_gpio.o(i.HAL_GPIO_Init) for HAL_GPIO_Init
    iic.o(i.SDA_OUT) refers to stm32f0xx_hal_gpio.o(i.HAL_GPIO_Init) for HAL_GPIO_Init
    bh1750.o(i.BH1750_GetData) refers to bh1750.o(i.BH1750_Single_Write) for BH1750_Single_Write
    bh1750.o(i.BH1750_GetData) refers to bh1750.o(i.BH1750_Multiple_Read) for BH1750_Multiple_Read
    bh1750.o(i.BH1750_GetData) refers to bh1750.o(i.BH1750_delayms) for BH1750_delayms
    bh1750.o(i.BH1750_GetData) refers to dfltui.o(.text) for __aeabi_ui2d
    bh1750.o(i.BH1750_GetData) refers to ddiv.o(.text) for __aeabi_ddiv
    bh1750.o(i.BH1750_GetData) refers to d2f.o(.text) for __aeabi_d2f
    bh1750.o(i.BH1750_GetData) refers to f2d.o(.text) for __aeabi_f2d
    bh1750.o(i.BH1750_GetData) refers to printfa.o(i.__0printf) for __2printf
    bh1750.o(i.BH1750_GetData) refers to aht10.o(.data) for AHT_TimeCnt
    bh1750.o(i.BH1750_GetData) refers to bh1750.o(.data) for .data
    bh1750.o(i.BH1750_Init) refers to stm32f0xx_hal_gpio.o(i.HAL_GPIO_WritePin) for HAL_GPIO_WritePin
    bh1750.o(i.BH1750_Init) refers to iic.o(i.IIC_Init) for IIC_Init
    bh1750.o(i.BH1750_Init) refers to bh1750.o(.bss) for .bss
    bh1750.o(i.BH1750_Multiple_Read) refers to iic.o(i.IIC_Start) for IIC_Start
    bh1750.o(i.BH1750_Multiple_Read) refers to iic.o(i.IIC_Send_Byte) for IIC_Send_Byte
    bh1750.o(i.BH1750_Multiple_Read) refers to iic.o(i.IIC_Stop) for IIC_Stop
    bh1750.o(i.BH1750_Multiple_Read) refers to bh1750.o(i.BH1750_delayms) for BH1750_delayms
    bh1750.o(i.BH1750_Multiple_Read) refers to iic.o(i.IIC_Read_Byte) for IIC_Read_Byte
    bh1750.o(i.BH1750_Multiple_Read) refers to bh1750.o(.bss) for .bss
    bh1750.o(i.BH1750_Multiple_Read) refers to bh1750.o(.data) for .data
    bh1750.o(i.BH1750_Single_Write) refers to iic.o(i.IIC_Start) for IIC_Start
[...]
    Removing stm32f0xx_hal_tim_ex.o(i.HAL_TIMEx_OCN_Start), (48 bytes).
    Removing stm32f0xx_hal_tim_ex.o(i.HAL_TIMEx_OCN_Start_DMA), (240 bytes).
    Removing stm32f0xx_hal_tim_ex.o(i.HAL_TIMEx_OCN_Start_IT), (94 bytes).
    Removing stm32f0xx_hal_tim_ex.o(i.HAL_TIMEx_OCN_Stop), (76 bytes).
    Removing stm32f0xx_hal_tim_ex.o(i.HAL_TIMEx_OCN_Stop_DMA), (144 bytes).
    Removing stm32f0xx_hal_tim_ex.o(i.HAL_TIMEx_OCN_Stop_IT), (128 bytes).
    Removing stm32f0xx_hal_tim_ex.o(i.HAL_TIMEx_OnePulseN_Start), (28 bytes).
    Removing stm32f0xx_hal_tim_ex.o(i.HAL_TIMEx_OnePulseN_Start_IT), (48 bytes).
    Removing stm32f0xx_hal_tim_ex.o(i.HAL_TIMEx_OnePulseN_Stop), (76 bytes).
    Removing stm32f0xx_hal_tim_ex.o(i.HAL_TIMEx_OnePulseN_Stop_IT), (96 bytes).
    Removing stm32f0xx_hal_tim_ex.o(i.HAL_TIMEx_PWMN_Start), (48 bytes).
    Removing stm32f0xx_hal_tim_ex.o(i.HAL_TIMEx_PWMN_Start_DMA), (240 bytes).
    Removing stm32f0xx_hal_tim_ex.o(i.HAL_TIMEx_PWMN_Start_IT), (94 bytes).
    Removing stm32f0xx_hal_tim_ex.o(i.HAL_TIMEx_PWMN_Stop), (76 bytes).
    Removing stm32f0xx_hal_tim_ex.o(i.HAL_TIMEx_PWMN_Stop_DMA), (144 bytes).
    Removing stm32f0xx_hal_tim_ex.o(i.HAL_TIMEx_PWMN_Stop_IT), (128 bytes).
    Removing stm32f0xx_hal_tim_ex.o(i.HAL_TIMEx_RemapConfig), (28 bytes).
    Removing stm32f0xx_hal_tim_ex.o(i.TIMEx_DMACommutationCplt), (16 bytes).
    Removing stm32f0xx_hal_tim_ex.o(i.TIMEx_DMACommutationHalfCplt), (16 bytes).
    Removing stm32f0xx_hal_tim_ex.o(i.TIM_CCxNChannelCmd), (26 bytes).
    Removing stm32f0xx_hal_uart.o(.rev16_text), (4 bytes).
    Removing stm32f0xx_hal_uart.o(.revsh_text), (4 bytes).
    Removing stm32f0xx_hal_uart.o(i.HAL_HalfDuplex_EnableReceiver), (54 bytes).
    Removing stm32f0xx_hal_uart.o(i.HAL_HalfDuplex_EnableTransmitter), (54 bytes).
    Removing stm32f0xx_hal_uart.o(i.HAL_HalfDuplex_Init), (106 bytes).
    Removing stm32f0xx_hal_uart.o(i.HAL_MultiProcessor_DisableMuteMode), (46 bytes).
    Removing stm32f0xx_hal_uart.o(i.HAL_MultiProcessor_EnableMuteMode), (46 bytes).
    Removing stm32f0xx_hal_uart.o(i.HAL_MultiProcessor_EnterMuteMode), (12 bytes).
    Removing stm32f0xx_hal_uart.o(i.HAL_MultiProcessor_Init), (138 bytes).
    Removing stm32f0xx_hal_uart.o(i.HAL_UART_Abort), (162 bytes).
    Removing stm32f0xx_hal_uart.o(i.HAL_UART_AbortCpltCallback), (2 bytes).
    Removing stm32f0xx_hal_uart.o(i.HAL_UART_AbortReceive), (110 bytes).
    Removing stm32f0xx_hal_uart.o(i.HAL_UART_AbortReceiveCpltCallback), (2 bytes).
    Removing stm32f0xx_hal_uart.o(i.HAL_UART_AbortReceive_IT), (124 bytes).
    Removing stm32f0xx_hal_uart.o(i.HAL_UART_AbortTransmit), (82 bytes).
    Removing stm32f0xx_hal_uart.o(i.HAL_UART_AbortTransmitCpltCallback), (2 bytes).
    Removing stm32f0xx_hal_uart.o(i.HAL_UART_AbortTransmit_IT), (88 bytes).
    Removing stm32f0xx_hal_uart.o(i.HAL_UART_Abort_IT), (204 bytes).
    Removing stm32f0xx_hal_uart.o(i.HAL_UART_DMAPause), (94 bytes).
    Removing stm32f0xx_hal_uart.o(i.HAL_UART_DMAResume), (86 bytes).
    Removing stm32f0xx_hal_uart.o(i.HAL_UART_DMAStop), (122 bytes).
    Removing stm32f0xx_hal_uart.o(i.HAL_UART_DeInit), (58 bytes).
    Removing stm32f0xx_hal_uart.o(i.HAL_UART_DisableReceiverTimeout), (52 bytes).
    Removing stm32f0xx_hal_uart.o(i.HAL_UART_EnableReceiverTimeout), (52 bytes).
    Removing stm32f0xx_hal_uart.o(i.HAL_UART_GetError), (4 bytes).
    Removing stm32f0xx_hal_uart.o(i.HAL_UART_GetState), (10 bytes).
    Removing stm32f0xx_hal_uart.o(i.HAL_UART_MspDeInit), (2 bytes).
    Removing stm32f0xx_hal_uart.o(i.HAL_UART_MspInit), (2 bytes).
    Removing stm32f0xx_hal_uart.o(i.HAL_UART_Receive), (260 bytes).
    Removing stm32f0xx_hal_uart.o(i.HAL_UART_Receive_DMA), (184 bytes).
    Removing stm32f0xx_hal_uart.o(i.HAL_UART_ReceiverTimeout_Config), (14 bytes).
    Removing stm32f0xx_hal_uart.o(i.HAL_UART_RxCpltCallback), (2 bytes).
    Removing stm32f0xx_hal_uart.o(i.HAL_UART_RxHalfCpltCallback), (2 bytes).
    Removing stm32f0xx_hal_uart.o(i.HAL_UART_Transmit_DMA), (172 bytes).
    Removing stm32f0xx_hal_uart.o(i.HAL_UART_Transmit_IT), (120 bytes).
    Removing stm32f0xx_hal_uart.o(i.HAL_UART_TxHalfCpltCallback), (2 bytes).
    Removing stm32f0xx_hal_uart.o(i.UART_DMAError), (72 bytes).
    Removing stm32f0xx_hal_uart.o(i.UART_DMAReceiveCplt), (60 bytes).
    Removing stm32f0xx_hal_uart.o(i.UART_DMARxAbortCallback), (60 bytes).
    Removing stm32f0xx_hal_uart.o(i.UART_DMARxHalfCplt), (10 bytes).
    Removing stm32f0xx_hal_uart.o(i.UART_DMARxOnlyAbortCallback), (36 bytes).
    Removing stm32f0xx_hal_uart.o(i.UART_DMATransmitCplt), (46 bytes).
    Removing stm32f0xx_hal_uart.o(i.UART_DMATxAbortCallback), (50 bytes).
    Removing stm32f0xx_hal_uart.o(i.UART_DMATxHalfCplt), (10 bytes).
    Removing stm32f0xx_hal_uart.o(i.UART_DMATxOnlyAbortCallback), (20 bytes).
    Removing stm32f0xx_hal_uart.o(i.UART_EndTxTransfer), (16 bytes).
    Removing stm32f0xx_hal_uart.o(i.UART_TxISR_16BIT), (64 bytes).
    Removing stm32f0xx_hal_uart.o(i.UART_TxISR_8BIT), (60 bytes).
    Removing stm32f0xx_hal_uart_ex.o(.rev16_text), (4 bytes).
    Removing stm32f0xx_hal_uart_ex.o(.revsh_text), (4 bytes).
    Removing stm32f0xx_hal_uart_ex.o(i.HAL_MultiProcessorEx_AddressLength_Set), (52 bytes).
    Removing stm32f0xx_hal_uart_ex.o(i.HAL_RS485Ex_Init), (136 bytes).
    Removing startup_stm32f030xc.o(HEAP), (512 bytes).
    Removing system_stm32f0xx.o(.rev16_text), (4 bytes).
    Removing system_stm32f0xx.o(.revsh_text), (4 bytes).
    Removing system_stm32f0xx.o(i.SystemCoreClockUpdate), (88 bytes).
    Removing fdiv.o(.text), (124 bytes).
    Removing dscalb.o(.text), (44 bytes).
    Removing fflti.o(.text), (22 bytes).
    Removing ffltui.o(.text), (14 bytes).
    Removing dfltui.o(.text), (28 bytes).
    Removing d2f.o(.text), (56 bytes).
    Removing fepilogue.o(.text), (130 bytes).

524 unused section(s) (total 37622 bytes) removed from the image.

==============================================================================

Image Symbol Table

    Local Symbols

    Symbol Name                              Value     Ov Type        Size  Object(Section)

    ../Drivers/STM32F0xx_HAL_Driver/Src/stm32f0xx_hal.c 0x00000000   Number         0  stm32f0xx_hal.o ABSOLUTE
    ../Drivers/STM32F0xx_HAL_Driver/Src/stm32f0xx_hal_adc.c 0x00000000   Number         0  stm32f0xx_hal_adc.o ABSOLUTE
    ../Drivers/STM32F0xx_HAL_Driver/Src/stm32f0xx_hal_adc_ex.c 0x00000000   Number         0  stm32f0xx_hal_adc_ex.o ABSOLUTE
    ../Drivers/STM32F0xx_HAL_Driver/Src/stm32f0xx_hal_cortex.c 0x00000000   Number         0  stm32f0xx_hal_cortex.o ABSOLUTE
    ../Drivers/STM32F0xx_HAL_Driver/Src/stm32f0xx_hal_dma.c 0x00000000   Number         0  stm32f0xx_hal_dma.o ABSOLUTE
    ../Drivers/STM32F0xx_HAL_Driver/Src/stm32f0xx_hal_exti.c 0x00000000   Number         0  stm32f0xx_hal_exti.o ABSOLUTE
    ../Drivers/STM32F0xx_HAL_Driver/Src/stm32f0xx_hal_flash.c 0x00000000   Number         0  stm32f0xx_hal_flash.o ABSOLUTE
    ../Drivers/STM32F0xx_HAL_Driver/Src/stm32f0xx_hal_flash_ex.c 0x00000000   Number         0  stm32f0xx_hal_flash_ex.o ABSOLUTE
    ../Drivers/STM32F0xx_HAL_Driver/Src/stm32f0xx_hal_gpio.c 0x00000000   Number         0  stm32f0xx_hal_gpio.o ABSOLUTE
    ../Drivers/STM32F0xx_HAL_Driver/Src/stm32f0xx_hal_i2c.c 0x00000000   Number         0  stm32f0xx_hal_i2c.o ABSOLUTE
    ../Drivers/STM32F0xx_HAL_Driver/Src/stm32f0xx_hal_i2c_ex.c 0x00000000   Number         0  stm32f0xx_hal_i2c_ex.o ABSOLUTE
    ../Drivers/STM32F0xx_HAL_Driver/Src/stm32f0xx_hal_pwr.c 0x00000000   Number         0  stm32f0xx_hal_pwr.o ABSOLUTE
    ../Drivers/STM32F0xx_HAL_Driver/Src/stm32f0xx_hal_pwr_ex.c 0x00000000   Number         0  stm32f0xx_hal_pwr_ex.o ABSOLUTE
    ../Drivers/STM32F0xx_HAL_Driver/Src/stm32f0xx_hal_rcc.c 0x00000000   Number         0  stm32f0xx_hal_rcc.o ABSOLUTE
    ../Drivers/STM32F0xx_HAL_Driver/Src/stm32f0xx_hal_rcc_ex.c 0x00000000   Number         0  stm32f0xx_hal_rcc_ex.o ABSOLUTE
    ../Drivers/STM32F0xx_HAL_Driver/Src/stm32f0xx_hal_tim.c 0x00000000   Number         0  stm32f0xx_hal_tim.o ABSOLUTE
    ../Drivers/STM32F0xx_HAL_Driver/Src/stm32f0xx_hal_tim_ex.c 0x00000000   Number         0  stm32f0xx_hal_tim_ex.o ABSOLUTE
    ../Drivers/STM32F0xx_HAL_Driver/Src/stm32f0xx_hal_uart.c 0x00000000   Number         0  stm32f0xx_hal_uart.o ABSOLUTE
    ../Drivers/STM32F0xx_HAL_Driver/Src/stm32f0xx_hal_uart_ex.c 0x00000000   Number         0  stm32f0xx_hal_uart_ex.o ABSOLUTE
    ../Src/adc.c                             0x00000000   Number         0  adc.o ABSOLUTE
    ../Src/gpio.c                            0x00000000   Number         0  gpio.o ABSOLUTE
    ../Src/main.c                            0x00000000   Number         0  main.o ABSOLUTE
    ../Src/stm32f0xx_hal_msp.c               0x00000000   Number         0  stm32f0xx_hal_msp.o ABSOLUTE
    ../Src/stm32f0xx_it.c                    0x00000000   Number         0  stm32f0xx_it.o ABSOLUTE
    ../Src/sys.c                             0x00000000   Number         0  sys.o ABSOLUTE
    ../Src/system_stm32f0xx.c                0x00000000   Number         0  system_stm32f0xx.o ABSOLUTE
    ../Src/tim.c                             0x00000000   Number         0  tim.o ABSOLUTE
    ../Src/usart.c                           0x00000000   Number         0  usart.o ABSOLUTE
    ../clib/microlib/division.c              0x00000000   Number         0  uidiv.o ABSOLUTE
    ../clib/microlib/division.c              0x00000000   Number         0  uldiv.o ABSOLUTE
    ../clib/microlib/init/entry.s            0x00000000   Number         0  entry2.o ABSOLUTE
    ../clib/microlib/init/entry.s            0x00000000   Number         0  entry11b.o ABSOLUTE
    ../clib/microlib/init/entry.s            0x00000000   Number         0  entry11a.o ABSOLUTE
    ../clib/microlib/init/entry.s            0x00000000   Number         0  entry10b.o ABSOLUTE
    ../clib/microlib/init/entry.s            0x00000000   Number         0  entry10a.o ABSOLUTE
    ../clib/microlib/init/entry.s            0x00000000   Number         0  entry9b.o ABSOLUTE
    ../clib/microlib/init/entry.s            0x00000000   Number         0  entry.o ABSOLUTE
    ../clib/microlib/init/entry.s            0x00000000   Number         0  entry9a.o ABSOLUTE
    ../clib/microlib/init/entry.s            0x00000000   Number         0  entry8b.o ABSOLUTE
    ../clib/microlib/init/entry.s            0x00000000   Number         0  entry8a.o ABSOLUTE
    ../clib/microlib/init/entry.s            0x00000000   Number         0  entry7b.o ABSOLUTE
    ../clib/microlib/init/entry.s            0x00000000   Number         0  entry7a.o ABSOLUTE
    ../clib/microlib/init/entry.s            0x00000000   Number         0  entry5.o ABSOLUTE
    ../clib/microlib/longlong.c              0x00000000   Number         0  llshl.o ABSOLUTE
    ../clib/microlib/longlong.c              0x00000000   Number         0  llsshr.o ABSOLUTE
    ../clib/microlib/longlong.c              0x00000000   Number         0  llushr.o ABSOLUTE
    ../clib/microlib/printf/printf.c         0x00000000   Number         0  printf2.o ABSOLUTE
    ../clib/microlib/printf/printf.c         0x00000000   Number         0  printfa.o ABSOLUTE
    ../clib/microlib/printf/printf.c         0x00000000   Number         0  printf8.o ABSOLUTE
    ../clib/microlib/printf/printf.c         0x00000000   Number         0  printf7.o ABSOLUTE
    ../clib/microlib/printf/printf.c         0x00000000   Number         0  printf6.o ABSOLUTE
    ../clib/microlib/printf/printf.c         0x00000000   Number         0  printf5.o ABSOLUTE
    ../clib/microlib/printf/printf.c         0x00000000   Number         0  printf4.o ABSOLUTE
    ../clib/microlib/printf/printf.c         0x00000000   Number         0  printf3.o ABSOLUTE
    ../clib/microlib/printf/printf.c         0x00000000   Number         0  printf1.o ABSOLUTE
    ../clib/microlib/printf/printf.c         0x00000000   Number         0  printf0.o ABSOLUTE
    ../clib/microlib/printf/printf.c         0x00000000   Number         0  printfb.o ABSOLUTE
    ../clib/microlib/printf/stubs.s          0x00000000   Number         0  stubs.o ABSOLUTE
    ../clib/microlib/stdio/streams.c         0x00000000   Number         0  stdout.o ABSOLUTE
    ../clib/microlib/string/memcpy.c         0x00000000   Number         0  memcpya.o ABSOLUTE
    ../clib/microlib/string/memcpy.c         0x00000000   Number         0  memcpyb.o ABSOLUTE
    ../clib/microlib/string/memset.c         0x00000000   Number         0  memseta.o ABSOLUTE
    ../clib/microlib/string/strlen.c         0x00000000   Number         0  strlen.o ABSOLUTE
    ../clib/microlib/string/strstr.c         0x00000000   Number         0  strstr.o ABSOLUTE
    ../clib/microlib/stubs.s                 0x00000000   Number         0  iusefp.o ABSOLUTE
    ../fplib/microlib/d2f.c                  0x00000000   Number         0  d2f.o ABSOLUTE
    ../fplib/microlib/f2d.c                  0x00000000   Number         0  f2d.o ABSOLUTE
    ../fplib/microlib/fpadd.c                0x00000000   Number         0  dadd.o ABSOLUTE
    ../fplib/microlib/fpdiv.c                0x00000000   Number         0  ddiv.o ABSOLUTE
    ../fplib/microlib/fpdiv.c                0x00000000   Number         0  fdiv.o ABSOLUTE
    ../fplib/microlib/fpepilogue.c           0x00000000   Number         0  fepilogue.o ABSOLUTE
    ../fplib/microlib/fpepilogue.c           0x00000000   Number         0  depilogue.o ABSOLUTE
    ../fplib/microlib/fpfix.c                0x00000000   Number         0  dfixul.o ABSOLUTE
    ../fplib/microlib/fpflt.c                0x00000000   Number         0  ffltui.o ABSOLUTE
    ../fplib/microlib/fpflt.c                0x00000000   Number         0  dfltui.o ABSOLUTE
    ../fplib/microlib/fpflt.c                0x00000000   Number         0  fflti.o ABSOLUTE
    ../fplib/microlib/fpmul.c                0x00000000   Number         0  dmul.o ABSOLUTE
    ../fplib/microlib/fpscalb.c              0x00000000   Number         0  dscalb.o ABSOLUTE
    ..\Drivers\STM32F0xx_HAL_Driver\Src\stm32f0xx_hal.c 0x00000000   Number         0  stm32f0xx_hal.o ABSOLUTE
    ..\Drivers\STM32F0xx_HAL_Driver\Src\stm32f0xx_hal_adc.c 0x00000000   Number         0  stm32f0xx_hal_adc.o ABSOLUTE
    ..\Drivers\STM32F0xx_HAL_Driver\Src\stm32f0xx_hal_adc_ex.c 0x00000000   Number         0  stm32f0xx_hal_adc_ex.o ABSOLUTE
    ..\Drivers\STM32F0xx_HAL_Driver\Src\stm32f0xx_hal_cortex.c 0x00000000   Number         0  stm32f0xx_hal_cortex.o ABSOLUTE
    ..\Drivers\STM32F0xx_HAL_Driver\Src\stm32f0xx_hal_dma.c 0x00000000   Number         0  stm32f0xx_hal_dma.o ABSOLUTE
    ..\Drivers\STM32F0xx_HAL_Driver\Src\stm32f0xx_hal_exti.c 0x00000000   Number         0  stm32f0xx_hal_exti.o ABSOLUTE
    ..\Drivers\STM32F0xx_HAL_Driver\Src\stm32f0xx_hal_flash.c 0x00000000   Number         0  stm32f0xx_hal_flash.o ABSOLUTE
    ..\Drivers\STM32F0xx_HAL_Driver\Src\stm32f0xx_hal_flash_ex.c 0x00000000   Number         0  stm32f0xx_hal_flash_ex.o ABSOLUTE
    ..\Drivers\STM32F0xx_HAL_Driver\Src\stm32f0xx_hal_gpio.c 0x00000000   Number         0  stm32f0xx_hal_gpio.o ABSOLUTE
    ..\Drivers\STM32F0xx_HAL_Driver\Src\stm32f0xx_hal_i2c.c 0x00000000   Number         0  stm32f0xx_hal_i2c.o ABSOLUTE
    ..\Drivers\STM32F0xx_HAL_Driver\Src\stm32f0xx_hal_i2c_ex.c 0x00000000   Number         0  stm32f0xx_hal_i2c_ex.o ABSOLUTE
    ..\Drivers\STM32F0xx_HAL_Driver\Src\stm32f0xx_hal_pwr.c 0x00000000   Number         0  stm32f0xx_hal_pwr.o ABSOLUTE
    ..\Drivers\STM32F0xx_HAL_Driver\Src\stm32f0xx_hal_pwr_ex.c 0x00000000   Number         0  stm32f0xx_hal_pwr_ex.o ABSOLUTE
    ..\Drivers\STM32F0xx_HAL_Driver\Src\stm32f0xx_hal_rcc.c 0x00000000   Number         0  stm32f0xx_hal_rcc.o ABSOLUTE
    ..\Drivers\STM32F0xx_HAL_Driver\Src\stm32f0xx_hal_rcc_ex.c 0x00000000   Number         0  stm32f0xx_hal_rcc_ex.o ABSOLUTE
    ..\Drivers\STM32F0xx_HAL_Driver\Src\stm32f0xx_hal_tim.c 0x00000000   Number         0  stm32f0xx_hal_tim.o ABSOLUTE
    ..\Drivers\STM32F0xx_HAL_Driver\Src\stm32f0xx_hal_tim_ex.c 0x00000000   Number         0  stm32f0xx_hal_tim_ex.o ABSOLUTE
    ..\Drivers\STM32F0xx_HAL_Driver\Src\stm32f0xx_hal_uart.c 0x00000000   Number         0  stm32f0xx_hal_uart.o ABSOLUTE
    ..\Drivers\STM32F0xx_HAL_Driver\Src\stm32f0xx_hal_uart_ex.c 0x00000000   Number         0  stm32f0xx_hal_uart_ex.o ABSOLUTE
    ..\Src\adc.c                             0x00000000   Number         0  adc.o ABSOLUTE
    ..\Src\core\AHT10.c                      0x00000000   Number         0  aht10.o ABSOLUTE
    ..\Src\core\atHandle.c                   0x00000000   Number         0  athandle.o ABSOLUTE
    ..\Src\core\atProcess.c                  0x00000000   Number         0  atprocess.o ABSOLUTE
    ..\Src\core\bh1750.c                     0x00000000   Number         0  bh1750.o ABSOLUTE
    ..\Src\core\bsp_645.c                    0x00000000   Number         0  bsp_645.o ABSOLUTE
    ..\Src\core\iic.c                        0x00000000   Number         0  iic.o ABSOLUTE
    ..\Src\core\jcFifo.c                     0x00000000   Number         0  jcfifo.o ABSOLUTE
    ..\Src\core\rs485Handle.c                0x00000000   Number         0  rs485handle.o ABSOLUTE
    ..\Src\gpio.c                            0x00000000   Number         0  gpio.o ABSOLUTE
    ..\Src\main.c                            0x00000000   Number         0  main.o ABSOLUTE
    ..\Src\stm32f0xx_hal_msp.c               0x00000000   Number         0  stm32f0xx_hal_msp.o ABSOLUTE
    ..\Src\stm32f0xx_it.c                    0x00000000   Number         0  stm32f0xx_it.o ABSOLUTE
    ..\Src\sys.c                             0x00000000   Number         0  sys.o ABSOLUTE
    ..\Src\system_stm32f0xx.c                0x00000000   Number         0  system_stm32f0xx.o ABSOLUTE
    ..\Src\tim.c                             0x00000000   Number         0  tim.o ABSOLUTE
    ..\Src\usart.c                           0x00000000   Number         0  usart.o ABSOLUTE
    ..\\Src\\core\\AHT10.c                   0x00000000   Number         0  aht10.o ABSOLUTE
    ..\\Src\\core\\atHandle.c                0x00000000   Number         0  athandle.o ABSOLUTE
    ..\\Src\\core\\bh1750.c                  0x00000000   Number         0  bh1750.o ABSOLUTE
    ..\\Src\\core\\bsp_645.c                 0x00000000   Number         0  bsp_645.o ABSOLUTE
    ..\\Src\\core\\iic.c                     0x00000000   Number         0  iic.o ABSOLUTE
    ..\\Src\\core\\jcFifo.c                  0x00000000   Number         0  jcfifo.o ABSOLUTE
    ..\\Src\\core\\rs485Handle.c             0x00000000   Number         0  rs485handle.o ABSOLUTE
    cdrcmple.s                               0x00000000   Number         0  cdrcmple.o ABSOLUTE
    dc.s                                     0x00000000   Number         0  dc.o ABSOLUTE
    handlers.s                               0x00000000   Number         0  handlers.o ABSOLUTE
    init.s                                   0x00000000   Number         0  init.o ABSOLUTE
    startup_stm32f030xc.s                    0x00000000   Number         0  startup_stm32f030xc.o ABSOLUTE
    RESET                                    0x08000000   Section      184  startup_stm32f030xc.o(RESET)
    .ARM.Collect$$$$00000000                 0x080000b8   Section        0  entry.o(.ARM.Collect$$$$00000000)
    .ARM.Collect$$$$00000001                 0x080000b8   Section        4  entry2.o(.ARM.Collect$$$$00000001)
    .ARM.Collect$$$$00000004                 0x080000bc   Section        4  entry5.o(.ARM.Collect$$$$00000004)
    .ARM.Collect$$$$00000008                 0x080000c0   Section        0  entry7b.o(.ARM.Collect$$$$00000008)
    .ARM.Collect$$$$0000000A                 0x080000c0   Section        0  entry8b.o(.ARM.Collect$$$$0000000A)
    .ARM.Collect$$$$0000000B                 0x080000c0   Section        8  entry9a.o(.ARM.Collect$$$$0000000B)
    .ARM.Collect$$$$0000000D                 0x080000c8   Section        0  entry10a.o(.ARM.Collect$$$$0000000D)
    .ARM.Collect$$$$0000000F                 0x080000c8   Section        0  entry11a.o(.ARM.Collect$$$$0000000F)
    .ARM.Collect$$$$00002712                 0x080000c8   Section        4  entry2.o(.ARM.Collect$$$$00002712)
    __lit__00000000                          0x080000c8   Data           4  entry2.o(.ARM.Collect$$$$00002712)
    .text                                    0x080000cc   Section       28  startup_stm32f030xc.o(.text)
    .text                                    0x080000e8   Section        0  uidiv.o(.text)
    .text                                    0x08000114   Section        0  uldiv.o(.text)
    .text                                    0x08000174   Section        0  llushr.o(.text)
    .text                                    0x08000196   Section        0  memseta.o(.text)
    .text                                    0x080001ba   Section        0  strstr.o(.text)
    .text                                    0x080001e2   Section        0  strlen.o(.text)
    .text                                    0x080001f0   Section        0  dadd.o(.text)
    .text                                    0x08000354   Section        0  ddiv.o(.text)
    .text                                    0x08000444   Section        0  f2d.o(.text)
    .text                                    0x0800046c   Section        0  llshl.o(.text)
    .text                                    0x0800048c   Section        0  llsshr.o(.text)
    .text                                    0x080004b2   Section        0  iusefp.o(.text)
    .text                                    0x080004b2   Section        0  depilogue.o(.text)
    .text                                    0x08000570   Section        0  dmul.o(.text)
    .text                                    0x08000640   Section        0  dfixul.o(.text)
    .text                                    0x08000680   Section       40  cdrcmple.o(.text)
    .text                                    0x080006a8   Section       36  init.o(.text)
    i.AHT_Init                               0x080006cc   Section        0  aht10.o(i.AHT_Init)
    i.BH1750_Init                            0x08000718   Section        0  bh1750.o(i.BH1750_Init)
    i.Error_Handler                          0x08000748   Section        0  main.o(i.Error_Handler)
    i.HAL_ADC_ConfigChannel                  0x0800074c   Section        0  stm32f0xx_hal_adc.o(i.HAL_ADC_ConfigChannel)
    i.HAL_ADC_Init                           0x0800085c   Section        0  stm32f0xx_hal_adc.o(i.HAL_ADC_Init)
    i.HAL_ADC_MspInit                        0x080009d0   Section        0  adc.o(i.HAL_ADC_MspInit)
    i.HAL_DMA_Abort_IT                       0x08000a28   Section        0  stm32f0xx_hal_dma.o(i.HAL_DMA_Abort_IT)
    i.HAL_Delay                              0x08000a70   Section        0  stm32f0xx_hal.o(i.HAL_Delay)
    i.HAL_GPIO_Init                          0x08000a94   Section        0  stm32f0xx_hal_gpio.o(i.HAL_GPIO_Init)
    i.HAL_GPIO_ReadPin                       0x08000bdc   Section        0  stm32f0xx_hal_gpio.o(i.HAL_GPIO_ReadPin)
    i.HAL_GPIO_WritePin                      0x08000be6   Section        0  stm32f0xx_hal_gpio.o(i.HAL_GPIO_WritePin)
    i.HAL_GetTick                            0x08000bf4   Section        0  stm32f0xx_hal.o(i.HAL_GetTick)
    i.HAL_IncTick                            0x08000c00   Section        0  stm32f0xx_hal.o(i.HAL_IncTick)
    i.HAL_Init                               0x08000c10   Section        0  stm32f0xx_hal.o(i.HAL_Init)
    i.HAL_InitTick                           0x08000c30   Section        0  stm32f0xx_hal.o(i.HAL_InitTick)
    i.HAL_MspInit                            0x08000c74   Section        0  stm32f0xx_hal_msp.o(i.HAL_MspInit)
    i.HAL_NVIC_EnableIRQ                     0x08000c9c   Section        0  stm32f0xx_hal_cortex.o(i.HAL_NVIC_EnableIRQ)
    i.HAL_NVIC_SetPriority                   0x08000cb4   Section        0  stm32f0xx_hal_cortex.o(i.HAL_NVIC_SetPriority)
    i.HAL_RCCEx_PeriphCLKConfig              0x08000cbc   Section        0  stm32f0xx_hal_rcc_ex.o(i.HAL_RCCEx_PeriphCLKConfig)
    i.HAL_RCC_ClockConfig                    0x08000da4   Section        0  stm32f0xx_hal_rcc.o(i.HAL_RCC_ClockConfig)
    i.HAL_RCC_GetPCLK1Freq                   0x08000eac   Section        0  stm32f0xx_hal_rcc.o(i.HAL_RCC_GetPCLK1Freq)
    i.HAL_RCC_GetSysClockFreq                0x08000ecc   Section        0  stm32f0xx_hal_rcc.o(i.HAL_RCC_GetSysClockFreq)
    i.HAL_RCC_OscConfig                      0x08000f44   Section        0  stm32f0xx_hal_rcc.o(i.HAL_RCC_OscConfig)
    i.HAL_SYSTICK_Config                     0x080012cc   Section        0  stm32f0xx_hal_cortex.o(i.HAL_SYSTICK_Config)
    i.HAL_TIMEx_BreakCallback                0x080012fc   Section        0  stm32f0xx_hal_tim_ex.o(i.HAL_TIMEx_BreakCallback)
    i.HAL_TIMEx_CommutCallback               0x080012fe   Section        0  stm32f0xx_hal_tim_ex.o(i.HAL_TIMEx_CommutCallback)
    i.HAL_TIMEx_MasterConfigSynchronization  0x08001300   Section        0  stm32f0xx_hal_tim_ex.o(i.HAL_TIMEx_MasterConfigSynchronization)
    i.HAL_TIM_Base_Init                      0x0800135c   Section        0  stm32f0xx_hal_tim.o(i.HAL_TIM_Base_Init)
    i.HAL_TIM_Base_MspInit                   0x08001390   Section        0  tim.o(i.HAL_TIM_Base_MspInit)
    i.HAL_TIM_Base_Start_IT                  0x080013c4   Section        0  stm32f0xx_hal_tim.o(i.HAL_TIM_Base_Start_IT)
    i.HAL_TIM_ConfigClockSource              0x080013e4   Section        0  stm32f0xx_hal_tim.o(i.HAL_TIM_ConfigClockSource)
    i.HAL_TIM_IC_CaptureCallback             0x080014b4   Section        0  stm32f0xx_hal_tim.o(i.HAL_TIM_IC_CaptureCallback)
    i.HAL_TIM_IRQHandler                     0x080014b6   Section        0  stm32f0xx_hal_tim.o(i.HAL_TIM_IRQHandler)
    i.HAL_TIM_OC_DelayElapsedCallback        0x08001618   Section        0  stm32f0xx_hal_tim.o(i.HAL_TIM_OC_DelayElapsedCallback)
    i.HAL_TIM_PWM_PulseFinishedCallback      0x0800161a   Section        0  stm32f0xx_hal_tim.o(i.HAL_TIM_PWM_PulseFinishedCallback)
    i.HAL_TIM_PeriodElapsedCallback          0x0800161c   Section        0  tim.o(i.HAL_TIM_PeriodElapsedCallback)
    i.HAL_TIM_TriggerCallback                0x080016b4   Section        0  stm32f0xx_hal_tim.o(i.HAL_TIM_TriggerCallback)
    i.HAL_UART_ErrorCallback                 0x080016b6   Section        0  stm32f0xx_hal_uart.o(i.HAL_UART_ErrorCallback)
    i.HAL_UART_IRQHandler                    0x080016b8   Section        0  stm32f0xx_hal_uart.o(i.HAL_UART_IRQHandler)
    i.HAL_UART_Init                          0x08001800   Section        0  stm32f0xx_hal_uart.o(i.HAL_UART_Init)
    i.HAL_UART_MspInit                       0x0800186c   Section        0  usart.o(i.HAL_UART_MspInit)
    i.HAL_UART_Receive_IT                    0x080019a0   Section        0  stm32f0xx_hal_uart.o(i.HAL_UART_Receive_IT)
    i.HAL_UART_RxCpltCallback                0x08001a64   Section        0  usart.o(i.HAL_UART_RxCpltCallback)
    i.HAL_UART_Transmit                      0x08001b64   Section        0  stm32f0xx_hal_uart.o(i.HAL_UART_Transmit)
    i.HAL_UART_TxCpltCallback                0x08001c32   Section        0  stm32f0xx_hal_uart.o(i.HAL_UART_TxCpltCallback)
    i.HardFault_Handler                      0x08001c34   Section        0  stm32f0xx_it.o(i.HardFault_Handler)
    i.IIC_Init                               0x08001c36   Section        0  iic.o(i.IIC_Init)
    i.IIC_Send_Byte                          0x08001c50   Section        0  iic.o(i.IIC_Send_Byte)
    i.IIC_Start                              0x08001cac   Section        0  iic.o(i.IIC_Start)
    i.IIC_Stop                               0x08001ce6   Section        0  iic.o(i.IIC_Stop)
    i.IIC_Wait_Ack                           0x08001d20   Section        0  iic.o(i.IIC_Wait_Ack)
    i.IIC_delay                              0x08001d56   Section        0  iic.o(i.IIC_delay)
    i.MX_ADC_Init                            0x08001d64   Section        0  adc.o(i.MX_ADC_Init)
    i.MX_GPIO_Init                           0x08001df8   Section        0  gpio.o(i.MX_GPIO_Init)
    i.MX_TIM3_Init                           0x08001ecc   Section        0  tim.o(i.MX_TIM3_Init)
    i.MX_USART1_UART_Init                    0x08001f38   Section        0  usart.o(i.MX_USART1_UART_Init)
    i.MX_USART2_UART_Init                    0x08001f78   Section        0  usart.o(i.MX_USART2_UART_Init)
    i.MX_USART3_UART_Init                    0x08001fb0   Section        0  usart.o(i.MX_USART3_UART_Init)
    i.MX_USART4_UART_Init                    0x08001fe8   Section        0  usart.o(i.MX_USART4_UART_Init)
    i.NMI_Handler                            0x08002020   Section        0  stm32f0xx_it.o(i.NMI_Handler)
    i.PendSV_Handler                         0x08002022   Section        0  stm32f0xx_it.o(i.PendSV_Handler)
    i.SDA_OUT                                0x08002024   Section        0  iic.o(i.SDA_OUT)
    i.SVC_Handler                            0x08002042   Section        0  stm32f0xx_it.o(i.SVC_Handler)
    i.SysTick_Handler                        0x08002044   Section        0  stm32f0xx_it.o(i.SysTick_Handler)
    i.SystemClock_Config                     0x0800204c   Section        0  main.o(i.SystemClock_Config)
    i.SystemInit                             0x080020ae   Section        0  system_stm32f0xx.o(i.SystemInit)
    i.TIM3_IRQHandler                        0x080020b0   Section        0  stm32f0xx_it.o(i.TIM3_IRQHandler)
    i.TIM_Base_SetConfig                     0x080020c0   Section        0  stm32f0xx_hal_tim.o(i.TIM_Base_SetConfig)
    i.TIM_ETR_SetConfig                      0x08002148   Section        0  stm32f0xx_hal_tim.o(i.TIM_ETR_SetConfig)
    i.TIM_ITRx_SetConfig                     0x0800215e   Section        0  stm32f0xx_hal_tim.o(i.TIM_ITRx_SetConfig)
    TIM_ITRx_SetConfig                       0x0800215f   Thumb Code    16  stm32f0xx_hal_tim.o(i.TIM_ITRx_SetConfig)
    i.TIM_TI1_ConfigInputStage               0x0800216e   Section        0  stm32f0xx_hal_tim.o(i.TIM_TI1_ConfigInputStage)
    TIM_TI1_ConfigInputStage                 0x0800216f   Thumb Code    34  stm32f0xx_hal_tim.o(i.TIM_TI1_ConfigInputStage)
    i.TIM_TI2_ConfigInputStage               0x08002190   Section        0  stm32f0xx_hal_tim.o(i.TIM_TI2_ConfigInputStage)
    TIM_TI2_ConfigInputStage                 0x08002191   Thumb Code    38  stm32f0xx_hal_tim.o(i.TIM_TI2_ConfigInputStage)
    i.UART_AdvFeatureConfig                  0x080021b6   Section        0  stm32f0xx_hal_uart.o(i.UART_AdvFeatureConfig)
    i.UART_CheckIdleState                    0x08002280   Section        0  stm32f0xx_hal_uart.o(i.UART_CheckIdleState)
    i.UART_DMAAbortOnError                   0x080022e0   Section        0  stm32f0xx_hal_uart.o(i.UART_DMAAbortOnError)
    UART_DMAAbortOnError                     0x080022e1   Thumb Code    20  stm32f0xx_hal_uart.o(i.UART_DMAAbortOnError)
    i.UART_EndRxTransfer                     0x080022f4   Section        0  stm32f0xx_hal_uart.o(i.UART_EndRxTransfer)
    UART_EndRxTransfer                       0x080022f5   Thumb Code    32  stm32f0xx_hal_uart.o(i.UART_EndRxTransfer)
    i.UART_RxISR_16BIT                       0x08002314   Section        0  stm32f0xx_hal_uart.o(i.UART_RxISR_16BIT)
    UART_RxISR_16BIT                         0x08002315   Thumb Code    88  stm32f0xx_hal_uart.o(i.UART_RxISR_16BIT)
    i.UART_RxISR_8BIT                        0x0800236c   Section        0  stm32f0xx_hal_uart.o(i.UART_RxISR_8BIT)
    UART_RxISR_8BIT                          0x0800236d   Thumb Code    88  stm32f0xx_hal_uart.o(i.UART_RxISR_8BIT)
    i.UART_SetConfig                         0x080023c4   Section        0  stm32f0xx_hal_uart.o(i.UART_SetConfig)
    i.UART_WaitOnFlagUntilTimeout            0x08002534   Section        0  stm32f0xx_hal_uart.o(i.UART_WaitOnFlagUntilTimeout)
    i.USART1_IRQHandler                      0x080025d0   Section        0  stm32f0xx_it.o(i.USART1_IRQHandler)
    i.USART2_IRQHandler                      0x080025e0   Section        0  stm32f0xx_it.o(i.USART2_IRQHandler)
    i.__0printf                              0x080025f0   Section        0  printfa.o(i.__0printf)
    i.__0snprintf                            0x08002610   Section        0  printfa.o(i.__0snprintf)
    i.__0sprintf                             0x0800263c   Section        0  printfa.o(i.__0sprintf)
    i.__ARM_clz                              0x08002664   Section        0  depilogue.o(i.__ARM_clz)
    i.__ARM_common_ll_muluu                  0x08002692   Section        0  stm32f0xx_hal_rcc.o(i.__ARM_common_ll_muluu)
    i.__ARM_common_switch8                   0x080026c2   Section        0  athandle.o(i.__ARM_common_switch8)
    i.__NVIC_SetPriority                     0x080026dc   Section        0  stm32f0xx_hal_cortex.o(i.__NVIC_SetPriority)
    __NVIC_SetPriority                       0x080026dd   Thumb Code    60  stm32f0xx_hal_cortex.o(i.__NVIC_SetPriority)
    i.__scatterload_copy                     0x08002720   Section       14  handlers.o(i.__scatterload_copy)
    i.__scatterload_null                     0x0800272e   Section        2  handlers.o(i.__scatterload_null)
    i.__scatterload_zeroinit                 0x08002730   Section       14  handlers.o(i.__scatterload_zeroinit)
    i._fp_digits                             0x08002740   Section        0  printfa.o(i._fp_digits)
    _fp_digits                               0x08002741   Thumb Code   316  printfa.o(i._fp_digits)
    i._printf_core                           0x08002898   Section        0  printfa.o(i._printf_core)
    _printf_core                             0x08002899   Thumb Code  1754  printfa.o(i._printf_core)
    i._printf_post_padding                   0x08002f84   Section        0  printfa.o(i._printf_post_padding)
    _printf_post_padding                     0x08002f85   Thumb Code    32  printfa.o(i._printf_post_padding)
    i._printf_pre_padding                    0x08002fa4   Section        0  printfa.o(i._printf_pre_padding)
    _printf_pre_padding                      0x08002fa5   Thumb Code    44  printfa.o(i._printf_pre_padding)
    i._snputc                                0x08002fd0   Section        0  printfa.o(i._snputc)
    _snputc                                  0x08002fd1   Thumb Code    22  printfa.o(i._snputc)
    i._sputc                                 0x08002fe6   Section        0  printfa.o(i._sputc)
    _sputc                                   0x08002fe7   Thumb Code    10  printfa.o(i._sputc)
    i.atCmdRecvTcpData                       0x08002ff0   Section        0  athandle.o(i.atCmdRecvTcpData)
    i.atCmdSendHex                           0x08003154   Section        0  athandle.o(i.atCmdSendHex)
    i.atCmdSendStr                           0x0800316c   Section        0  athandle.o(i.atCmdSendStr)
    i.atCmdSendbyte                          0x0800318c   Section        0  athandle.o(i.atCmdSendbyte)
    i.atCmdsendTcpData                       0x080031a4   Section        0  athandle.o(i.atCmdsendTcpData)
    i.atTableCmdNum                          0x08003240   Section        0  athandle.o(i.atTableCmdNum)
    i.at_cmd_parse                           0x08003244   Section        0  atprocess.o(i.at_cmd_parse)
    i.at_cmd_recv                            0x08003464   Section        0  atprocess.o(i.at_cmd_recv)
    i.atoi                                   0x0800376c   Section        0  bsp_645.o(i.atoi)
    i.deal_ate_func                          0x080037b8   Section        0  athandle.o(i.deal_ate_func)
    i.deal_cgreg_func                        0x080037d8   Section        0  athandle.o(i.deal_cgreg_func)
    i.deal_cip_send_func                     0x08003890   Section        0  athandle.o(i.deal_cip_send_func)
    i.deal_cip_shut_func                     0x080038f4   Section        0  athandle.o(i.deal_cip_shut_func)
    i.deal_cip_status_func                   0x08003954   Section        0  athandle.o(i.deal_cip_status_func)
    i.deal_cpin_func                         0x08003980   Section        0  athandle.o(i.deal_cpin_func)
    i.deal_csq_func                          0x08003a34   Section        0  athandle.o(i.deal_csq_func)
    i.deal_gsn_func                          0x08003a8c   Section        0  athandle.o(i.deal_gsn_func)
    i.deal_pdp_deact_func                    0x08003b7c   Section        0  athandle.o(i.deal_pdp_deact_func)
    i.deal_sock_already_func                 0x08003bc0   Section        0  athandle.o(i.deal_sock_already_func)
    i.deal_sock_close_func                   0x08003c68   Section        0  athandle.o(i.deal_sock_close_func)
    i.deal_sock_connect_func                 0x08003cc8   Section        0  athandle.o(i.deal_sock_connect_func)
    i.deal_sock_send_func                    0x08003d70   Section        0  athandle.o(i.deal_sock_send_func)
    i.deal_sock_start_func                   0x08003d9c   Section        0  athandle.o(i.deal_sock_start_func)
    i.fputc                                  0x08003dc8   Section        0  main.o(i.fputc)
    i.isdigit                                0x08003de0   Section        0  bsp_645.o(i.isdigit)
    i.isspace                                0x08003dee   Section        0  bsp_645.o(i.isspace)
    i.jcFifoFreeLen                          0x08003e0e   Section        0  jcfifo.o(i.jcFifoFreeLen)
    i.jcFifoInit                             0x08003e28   Section        0  jcfifo.o(i.jcFifoInit)
    i.jcFifoReadByte_del                     0x08003e3c   Section        0  jcfifo.o(i.jcFifoReadByte_del)
    i.jcFifoUsedLen                          0x08003e8e   Section        0  jcfifo.o(i.jcFifoUsedLen)
    i.jcFifoWrite                            0x08003eac   Section        0  jcfifo.o(i.jcFifoWrite)
    i.main                                   0x08003ef4   Section        0  main.o(i.main)
    i.string_split                           0x080041ec   Section        0  atprocess.o(i.string_split)
    i.uartUserInit                           0x08004240   Section        0  usart.o(i.uartUserInit)
    .constdata                               0x08004298   Section      187  athandle.o(.constdata)
    __func__                                 0x08004298   Data          21  athandle.o(.constdata)
    __func__                                 0x080042ad   Data          23  athandle.o(.constdata)
    __func__                                 0x080042c4   Data          20  athandle.o(.constdata)
    __func__                                 0x080042d8   Data          21  athandle.o(.constdata)
    __func__                                 0x080042ed   Data          23  athandle.o(.constdata)
    __func__                                 0x08004304   Data          19  athandle.o(.constdata)
    __func__                                 0x08004317   Data          20  athandle.o(.constdata)
    __func__                                 0x0800432b   Data          21  athandle.o(.constdata)
    __func__                                 0x08004340   Data          19  athandle.o(.constdata)
    .constdata                               0x08004353   Section       16  system_stm32f0xx.o(.constdata)
    .constdata                               0x08004363   Section        8  system_stm32f0xx.o(.constdata)
    .conststring                             0x0800436c   Section      144  athandle.o(.conststring)
    .data                                    0x20000000   Section       12  aht10.o(.data)
    .data                                    0x2000000c   Section      112  athandle.o(.data)
    .data                                    0x2000007c   Section        6  athandle.o(.data)
    .data                                    0x20000082   Section        6  atprocess.o(.data)
    flag                                     0x20000082   Data           1  atprocess.o(.data)
    cloud                                    0x20000083   Data           1  atprocess.o(.data)
    index                                    0x20000084   Data           2  atprocess.o(.data)
    cnt                                      0x20000086   Data           2  atprocess.o(.data)
    .data                                    0x20000088   Section        8  main.o(.data)
    .data                                    0x20000090   Section       12  tim.o(.data)
    lock1TimeCnt                             0x20000094   Data           4  tim.o(.data)
    lock2TimeCnt                             0x20000098   Data           4  tim.o(.data)
    .data                                    0x2000009c   Section        8  usart.o(.data)
    .data                                    0x200000a4   Section       12  stm32f0xx_hal.o(.data)
    .data                                    0x200000b0   Section        4  system_stm32f0xx.o(.data)
    .data                                    0x200000b4   Section        4  stdout.o(.data)
    .bss                                     0x200000b8   Section       16  aht10.o(.bss)
    aht_iic_info                             0x200000b8   Data          16  aht10.o(.bss)
    .bss                                     0x200000c8   Section       16  bh1750.o(.bss)
    bh_iic_info                              0x200000c8   Data          16  bh1750.o(.bss)
    .bss                                     0x200000d8   Section     1536  atprocess.o(.bss)
    cmdbuf                                   0x200000d8   Data        1536  atprocess.o(.bss)
    .bss                                     0x200006d8   Section       64  adc.o(.bss)
    .bss                                     0x20000718   Section       64  tim.o(.bss)
    .bss                                     0x20000758   Section     1136  usart.o(.bss)
    STACK                                    0x20000bc8   Section     1024  startup_stm32f030xc.o(STACK)

    Global Symbols

    Symbol Name                              Value     Ov Type        Size  Object(Section)

    BuildAttributes$$THM_ISAv3M$S$PE$A:L22$X:L11$S22$IEEE1$IW$USESV6$~STKCKD$USESV7$~SHL$OTIME$ROPI$EBA8$MICROLIB$REQ8$PRES8$EABIv2 0x00000000   Number         0  anon$$obj.o ABSOLUTE
    __ARM_use_no_argv                        0x00000000   Number         0  main.o ABSOLUTE
    _printf_a                                0x00000000   Number         0  stubs.o ABSOLUTE
    _printf_c                                0x00000000   Number         0  stubs.o ABSOLUTE
    _printf_charcount                        0x00000000   Number         0  stubs.o ABSOLUTE
    _printf_d                                0x00000000   Number         0  stubs.o ABSOLUTE
    _printf_e                                0x00000000   Number         0  stubs.o ABSOLUTE
    _printf_f                                0x00000000   Number         0  stubs.o ABSOLUTE
    _printf_flags                            0x00000000   Number         0  stubs.o ABSOLUTE
    _printf_fp_dec                           0x00000000   Number         0  stubs.o ABSOLUTE
    _printf_fp_hex                           0x00000000   Number         0  stubs.o ABSOLUTE
    _printf_g                                0x00000000   Number         0  stubs.o ABSOLUTE
    _printf_i                                0x00000000   Number         0  stubs.o ABSOLUTE
    _printf_int_dec                          0x00000000   Number         0  stubs.o ABSOLUTE
    _printf_l                                0x00000000   Number         0  stubs.o ABSOLUTE
    _printf_lc                               0x00000000   Number         0  stubs.o ABSOLUTE
    _printf_ll                               0x00000000   Number         0  stubs.o ABSOLUTE
    _printf_lld                              0x00000000   Number         0  stubs.o ABSOLUTE
    _printf_lli                              0x00000000   Number         0  stubs.o ABSOLUTE
    _printf_llo                              0x00000000   Number         0  stubs.o ABSOLUTE
    _printf_llu                              0x00000000   Number         0  stubs.o ABSOLUTE
    _printf_llx                              0x00000000   Number         0  stubs.o ABSOLUTE
    _printf_longlong_dec                     0x00000000   Number         0  stubs.o ABSOLUTE
    _printf_longlong_hex                     0x00000000   Number         0  stubs.o ABSOLUTE
    _printf_longlong_oct                     0x00000000   Number         0  stubs.o ABSOLUTE
    _printf_ls                               0x00000000   Number         0  stubs.o ABSOLUTE
    _printf_mbtowc                           0x00000000   Number         0  stubs.o ABSOLUTE
    _printf_n                                0x00000000   Number         0  stubs.o ABSOLUTE
    _printf_o                                0x00000000   Number         0  stubs.o ABSOLUTE
    _printf_p                                0x00000000   Number         0  stubs.o ABSOLUTE
    _printf_percent                          0x00000000   Number         0  stubs.o ABSOLUTE
    _printf_pre_padding                      0x00000000   Number         0  stubs.o ABSOLUTE
    _printf_return_value                     0x00000000   Number         0  stubs.o ABSOLUTE
    _printf_s                                0x00000000   Number         0  stubs.o ABSOLUTE
    _printf_sizespec                         0x00000000   Number         0  stubs.o ABSOLUTE
    _printf_str                              0x00000000   Number         0  stubs.o ABSOLUTE
    _printf_truncate_signed                  0x00000000   Number         0  stubs.o ABSOLUTE
    _printf_truncate_unsigned                0x00000000   Number         0  stubs.o ABSOLUTE
    _printf_u                                0x00000000   Number         0  stubs.o ABSOLUTE
    _printf_wc                               0x00000000   Number         0  stubs.o ABSOLUTE
    _printf_wctomb                           0x00000000   Number         0  stubs.o ABSOLUTE
    _printf_widthprec                        0x00000000   Number         0  stubs.o ABSOLUTE
    _printf_x                                0x00000000   Number         0  stubs.o ABSOLUTE
    __cpp_initialize__aeabi_                  - Undefined Weak Reference
    __cxa_finalize                            - Undefined Weak Reference
    __decompress                              - Undefined Weak Reference
    _clock_init                               - Undefined Weak Reference
    _microlib_exit                            - Undefined Weak Reference
    __Vectors_Size                           0x000000b8   Number         0  startup_stm32f030xc.o ABSOLUTE
    __Vectors                                0x08000000   Data           4  startup_stm32f030xc.o(RESET)
    __Vectors_End                            0x080000b8   Data           0  startup_stm32f030xc.o(RESET)
    __main                                   0x080000b9   Thumb Code     0  entry.o(.ARM.Collect$$$$00000000)
    _main_stk                                0x080000b9   Thumb Code     0  entry2.o(.ARM.Collect$$$$00000001)
    _main_scatterload                        0x080000bd   Thumb Code     0  entry5.o(.ARM.Collect$$$$00000004)
    __main_after_scatterload                 0x080000c1   Thumb Code     0  entry5.o(.ARM.Collect$$$$00000004)
    _main_clock                              0x080000c1   Thumb Code     0  entry7b.o(.ARM.Collect$$$$00000008)
    _main_cpp_init                           0x080000c1   Thumb Code     0  entry8b.o(.ARM.Collect$$$$0000000A)
    _main_init                               0x080000c1   Thumb Code     0  entry9a.o(.ARM.Collect$$$$0000000B)
    __rt_final_cpp                           0x080000c9   Thumb Code     0  entry10a.o(.ARM.Collect$$$$0000000D)
    __rt_final_exit                          0x080000c9   Thumb Code     0  entry11a.o(.ARM.Collect$$$$0000000F)
    Reset_Handler                            0x080000cd   Thumb Code     8  startup_stm32f030xc.o(.text)
    ADC1_IRQHandler                          0x080000df   Thumb Code     0  startup_stm32f030xc.o(.text)
    DMA1_Channel1_IRQHandler                 0x080000df   Thumb Code     0  startup_stm32f030xc.o(.text)
    DMA1_Channel2_3_IRQHandler               0x080000df   Thumb Code     0  startup_stm32f030xc.o(.text)
    DMA1_Channel4_5_IRQHandler               0x080000df   Thumb Code     0  startup_stm32f030xc.o(.text)
    EXTI0_1_IRQHandler                       0x080000df   Thumb Code     0  startup_stm32f030xc.o(.text)
    EXTI2_3_IRQHandler                       0x080000df   Thumb Code     0  startup_stm32f030xc.o(.text)
    EXTI4_15_IRQHandler                      0x080000df   Thumb Code     0  startup_stm32f030xc.o(.text)
    FLASH_IRQHandler                         0x080000df   Thumb Code     0  startup_stm32f030xc.o(.text)
    I2C1_IRQHandler                          0x080000df   Thumb Code     0  startup_stm32f030xc.o(.text)
    I2C2_IRQHandler                          0x080000df   Thumb Code     0  startup_stm32f030xc.o(.text)
    RCC_IRQHandler                           0x080000df   Thumb Code     0  startup_stm32f030xc.o(.text)
    RTC_IRQHandler                           0x080000df   Thumb Code     0  startup_stm32f030xc.o(.text)
    SPI1_IRQHandler                          0x080000df   Thumb Code     0  startup_stm32f030xc.o(.text)
    SPI2_IRQHandler                          0x080000df   Thumb Code     0  startup_stm32f030xc.o(.text)
    TIM14_IRQHandler                         0x080000df   Thumb Code     0  startup_stm32f030xc.o(.text)
    TIM15_IRQHandler                         0x080000df   Thumb Code     0  startup_stm32f030xc.o(.text)
    TIM16_IRQHandler                         0x080000df   Thumb Code     0  startup_stm32f030xc.o(.text)
    TIM17_IRQHandler                         0x080000df   Thumb Code     0  startup_stm32f030xc.o(.text)
    TIM1_BRK_UP_TRG_COM_IRQHandler           0x080000df   Thumb Code     0  startup_stm32f030xc.o(.text)
    TIM1_CC_IRQHandler                       0x080000df   Thumb Code     0  startup_stm32f030xc.o(.text)
    TIM6_IRQHandler                          0x080000df   Thumb Code     0  startup_stm32f030xc.o(.text)
    TIM7_IRQHandler                          0x080000df   Thumb Code     0  startup_stm32f030xc.o(.text)
    USART3_6_IRQHandler                      0x080000df   Thumb Code     0  startup_stm32f030xc.o(.text)
    WWDG_IRQHandler                          0x080000df   Thumb Code     0  startup_stm32f030xc.o(.text)
    __aeabi_uidiv                            0x080000e9   Thumb Code     0  uidiv.o(.text)
    __aeabi_uidivmod                         0x080000e9   Thumb Code    44  uidiv.o(.text)
    __aeabi_uldivmod                         0x08000115   Thumb Code    96  uldiv.o(.text)
    __aeabi_llsr                             0x08000175   Thumb Code    34  llushr.o(.text)
    _ll_ushift_r                             0x08000175   Thumb Code     0  llushr.o(.text)
    __aeabi_memset                           0x08000197   Thumb Code    14  memseta.o(.text)
    __aeabi_memset4                          0x08000197   Thumb Code     0  memseta.o(.text)
    __aeabi_memset8                          0x08000197   Thumb Code     0  memseta.o(.text)
    __aeabi_memclr                           0x080001a5   Thumb Code     4  memseta.o(.text)
    __aeabi_memclr4                          0x080001a5   Thumb Code     0  memseta.o(.text)
    __aeabi_memclr8                          0x080001a5   Thumb Code     0  memseta.o(.text)
    _memset$wrapper                          0x080001a9   Thumb Code    18  memseta.o(.text)
    strstr                                   0x080001bb   Thumb Code    40  strstr.o(.text)
    strlen                                   0x080001e3   Thumb Code    14  strlen.o(.text)
    __aeabi_dadd                             0x080001f1   Thumb Code   328  dadd.o(.text)
    __aeabi_dsub                             0x08000339   Thumb Code    12  dadd.o(.text)
    __aeabi_drsub                            0x08000345   Thumb Code    12  dadd.o(.text)
    __aeabi_ddiv                             0x08000355   Thumb Code   234  ddiv.o(.text)
    __aeabi_f2d                              0x08000445   Thumb Code    40  f2d.o(.text)
    __aeabi_llsl                             0x0800046d   Thumb Code    32  llshl.o(.text)
    _ll_shift_l                              0x0800046d   Thumb Code     0  llshl.o(.text)
    __aeabi_lasr                             0x0800048d   Thumb Code    38  llsshr.o(.text)
    _ll_sshift_r                             0x0800048d   Thumb Code     0  llsshr.o(.text)
    __I$use$fp                               0x080004b3   Thumb Code     0  iusefp.o(.text)
    _double_round                            0x080004b3   Thumb Code    26  depilogue.o(.text)
    _double_epilogue                         0x080004cd   Thumb Code   164  depilogue.o(.text)
    __aeabi_dmul                             0x08000571   Thumb Code   202  dmul.o(.text)
    __aeabi_d2ulz                            0x08000641   Thumb Code    54  dfixul.o(.text)
    __aeabi_cdrcmple                         0x08000681   Thumb Code    38  cdrcmple.o(.text)
    __scatterload                            0x080006a9   Thumb Code    28  init.o(.text)
    __scatterload_rt2                        0x080006a9   Thumb Code     0  init.o(.text)
    AHT_Init                                 0x080006cd   Thumb Code    72  aht10.o(i.AHT_Init)
    BH1750_Init                              0x08000719   Thumb Code    40  bh1750.o(i.BH1750_Init)
    Error_Handler                            0x08000749   Thumb Code     2  main.o(i.Error_Handler)
    HAL_ADC_ConfigChannel                    0x0800074d   Thumb Code   254  stm32f0xx_hal_adc.o(i.HAL_ADC_ConfigChannel)
    HAL_ADC_Init                             0x0800085d   Thumb Code   364  stm32f0xx_hal_adc.o(i.HAL_ADC_Init)
    HAL_ADC_MspInit                          0x080009d1   Thumb Code    78  adc.o(i.HAL_ADC_MspInit)
    HAL_DMA_Abort_IT                         0x08000a29   Thumb Code    72  stm32f0xx_hal_dma.o(i.HAL_DMA_Abort_IT)
    HAL_Delay                                0x08000a71   Thumb Code    32  stm32f0xx_hal.o(i.HAL_Delay)
    HAL_GPIO_Init                            0x08000a95   Thumb Code   302  stm32f0xx_hal_gpio.o(i.HAL_GPIO_Init)
    HAL_GPIO_ReadPin                         0x08000bdd   Thumb Code    10  stm32f0xx_hal_gpio.o(i.HAL_GPIO_ReadPin)
    HAL_GPIO_WritePin                        0x08000be7   Thumb Code    12  stm32f0xx_hal_gpio.o(i.HAL_GPIO_WritePin)
    HAL_GetTick                              0x08000bf5   Thumb Code     6  stm32f0xx_hal.o(i.HAL_GetTick)
    HAL_IncTick                              0x08000c01   Thumb Code    12  stm32f0xx_hal.o(i.HAL_IncTick)
    HAL_Init                                 0x08000c11   Thumb Code    26  stm32f0xx_hal.o(i.HAL_Init)
    HAL_InitTick                             0x08000c31   Thumb Code    58  stm32f0xx_hal.o(i.HAL_InitTick)
    HAL_MspInit                              0x08000c75   Thumb Code    34  stm32f0xx_hal_msp.o(i.HAL_MspInit)
    HAL_NVIC_EnableIRQ                       0x08000c9d   Thumb Code    18  stm32f0xx_hal_cortex.o(i.HAL_NVIC_EnableIRQ)
    HAL_NVIC_SetPriority                     0x08000cb5   Thumb Code     8  stm32f0xx_hal_cortex.o(i.HAL_NVIC_SetPriority)
    HAL_RCCEx_PeriphCLKConfig                0x08000cbd   Thumb Code   218  stm32f0xx_hal_rcc_ex.o(i.HAL_RCCEx_PeriphCLKConfig)
    HAL_RCC_ClockConfig                      0x08000da5   Thumb Code   242  stm32f0xx_hal_rcc.o(i.HAL_RCC_ClockConfig)
    HAL_RCC_GetPCLK1Freq                     0x08000ead   Thumb Code    20  stm32f0xx_hal_rcc.o(i.HAL_RCC_GetPCLK1Freq)
    HAL_RCC_GetSysClockFreq                  0x08000ecd   Thumb Code    78  stm32f0xx_hal_rcc.o(i.HAL_RCC_GetSysClockFreq)
    HAL_RCC_OscConfig                        0x08000f45   Thumb Code   892  stm32f0xx_hal_rcc.o(i.HAL_RCC_OscConfig)
    HAL_SYSTICK_Config                       0x080012cd   Thumb Code    38  stm32f0xx_hal_cortex.o(i.HAL_SYSTICK_Config)
    HAL_TIMEx_BreakCallback                  0x080012fd   Thumb Code     2  stm32f0xx_hal_tim_ex.o(i.HAL_TIMEx_BreakCallback)
    HAL_TIMEx_CommutCallback                 0x080012ff   Thumb Code     2  stm32f0xx_hal_tim_ex.o(i.HAL_TIMEx_CommutCallback)
    HAL_TIMEx_MasterConfigSynchronization    0x08001301   Thumb Code    78  stm32f0xx_hal_tim_ex.o(i.HAL_TIMEx_MasterConfigSynchronization)
    HAL_TIM_Base_Init                        0x0800135d   Thumb Code    52  stm32f0xx_hal_tim.o(i.HAL_TIM_Base_Init)
    HAL_TIM_Base_MspInit                     0x08001391   Thumb Code    44  tim.o(i.HAL_TIM_Base_MspInit)
    HAL_TIM_Base_Start_IT                    0x080013c5   Thumb Code    32  stm32f0xx_hal_tim.o(i.HAL_TIM_Base_Start_IT)
    HAL_TIM_ConfigClockSource                0x080013e5   Thumb Code   208  stm32f0xx_hal_tim.o(i.HAL_TIM_ConfigClockSource)
    HAL_TIM_IC_CaptureCallback               0x080014b5   Thumb Code     2  stm32f0xx_hal_tim.o(i.HAL_TIM_IC_CaptureCallback)
    HAL_TIM_IRQHandler                       0x080014b7   Thumb Code   354  stm32f0xx_hal_tim.o(i.HAL_TIM_IRQHandler)
    HAL_TIM_OC_DelayElapsedCallback          0x08001619   Thumb Code     2  stm32f0xx_hal_tim.o(i.HAL_TIM_OC_DelayElapsedCallback)
    HAL_TIM_PWM_PulseFinishedCallback        0x0800161b   Thumb Code     2  stm32f0xx_hal_tim.o(i.HAL_TIM_PWM_PulseFinishedCallback)
    HAL_TIM_PeriodElapsedCallback            0x0800161d   Thumb Code   120  tim.o(i.HAL_TIM_PeriodElapsedCallback)
    HAL_TIM_TriggerCallback                  0x080016b5   Thumb Code     2  stm32f0xx_hal_tim.o(i.HAL_TIM_TriggerCallback)
    HAL_UART_ErrorCallback                   0x080016b7   Thumb Code     2  stm32f0xx_hal_uart.o(i.HAL_UART_ErrorCallback)
    HAL_UART_IRQHandler                      0x080016b9   Thumb Code   320  stm32f0xx_hal_uart.o(i.HAL_UART_IRQHandler)
    HAL_UART_Init                            0x08001801   Thumb Code   106  stm32f0xx_hal_uart.o(i.HAL_UART_Init)
    HAL_UART_MspInit                         0x0800186d   Thumb Code   282  usart.o(i.HAL_UART_MspInit)
    HAL_UART_Receive_IT                      0x080019a1   Thumb Code   182  stm32f0xx_hal_uart.o(i.HAL_UART_Receive_IT)
    HAL_UART_RxCpltCallback                  0x08001a65   Thumb Code   134  usart.o(i.HAL_UART_RxCpltCallback)
    HAL_UART_Transmit                        0x08001b65   Thumb Code   206  stm32f0xx_hal_uart.o(i.HAL_UART_Transmit)
    HAL_UART_TxCpltCallback                  0x08001c33   Thumb Code     2  stm32f0xx_hal_uart.o(i.HAL_UART_TxCpltCallback)
    HardFault_Handler                        0x08001c35   Thumb Code     2  stm32f0xx_it.o(i.HardFault_Handler)
    IIC_Init                                 0x08001c37   Thumb Code    26  iic.o(i.IIC_Init)
    IIC_Send_Byte                            0x08001c51   Thumb Code    92  iic.o(i.IIC_Send_Byte)
    IIC_Start                                0x08001cad   Thumb Code    58  iic.o(i.IIC_Start)
    IIC_Stop                                 0x08001ce7   Thumb Code    58  iic.o(i.IIC_Stop)
    IIC_Wait_Ack                             0x08001d21   Thumb Code    54  iic.o(i.IIC_Wait_Ack)
    IIC_delay                                0x08001d57   Thumb Code    12  iic.o(i.IIC_delay)
    MX_ADC_Init                              0x08001d65   Thumb Code   138  adc.o(i.MX_ADC_Init)
    MX_GPIO_Init                             0x08001df9   Thumb Code   188  gpio.o(i.MX_GPIO_Init)
    MX_TIM3_Init                             0x08001ecd   Thumb Code    98  tim.o(i.MX_TIM3_Init)
    MX_USART1_UART_Init                      0x08001f39   Thumb Code    56  usart.o(i.MX_USART1_UART_Init)
    MX_USART2_UART_Init                      0x08001f79   Thumb Code    48  usart.o(i.MX_USART2_UART_Init)
    MX_USART3_UART_Init                      0x08001fb1   Thumb Code    48  usart.o(i.MX_USART3_UART_Init)
    MX_USART4_UART_Init                      0x08001fe9   Thumb Code    48  usart.o(i.MX_USART4_UART_Init)
    NMI_Handler                              0x08002021   Thumb Code     2  stm32f0xx_it.o(i.NMI_Handler)
    PendSV_Handler                           0x08002023   Thumb Code     2  stm32f0xx_it.o(i.PendSV_Handler)
    SDA_OUT                                  0x08002025   Thumb Code    30  iic.o(i.SDA_OUT)
    SVC_Handler                              0x08002043   Thumb Code     2  stm32f0xx_it.o(i.SVC_Handler)
    SysTick_Handler                          0x08002045   Thumb Code     8  stm32f0xx_it.o(i.SysTick_Handler)
    SystemClock_Config                       0x0800204d   Thumb Code    98  main.o(i.SystemClock_Config)
    SystemInit                               0x080020af   Thumb Code     2  system_stm32f0xx.o(i.SystemInit)
    TIM3_IRQHandler                          0x080020b1   Thumb Code    10  stm32f0xx_it.o(i.TIM3_IRQHandler)
    TIM_Base_SetConfig                       0x080020c1   Thumb Code   112  stm32f0xx_hal_tim.o(i.TIM_Base_SetConfig)
    TIM_ETR_SetConfig                        0x08002149   Thumb Code    22  stm32f0xx_hal_tim.o(i.TIM_ETR_SetConfig)
    UART_AdvFeatureConfig                    0x080021b7   Thumb Code   202  stm32f0xx_hal_uart.o(i.UART_AdvFeatureConfig)
    UART_CheckIdleState                      0x08002281   Thumb Code    90  stm32f0xx_hal_uart.o(i.UART_CheckIdleState)
    UART_SetConfig                           0x080023c5   Thumb Code   324  stm32f0xx_hal_uart.o(i.UART_SetConfig)
    UART_WaitOnFlagUntilTimeout              0x08002535   Thumb Code   156  stm32f0xx_hal_uart.o(i.UART_WaitOnFlagUntilTimeout)
    USART1_IRQHandler                        0x080025d1   Thumb Code    10  stm32f0xx_it.o(i.USART1_IRQHandler)
    USART2_IRQHandler                        0x080025e1   Thumb Code    10  stm32f0xx_it.o(i.USART2_IRQHandler)
    __0printf                                0x080025f1   Thumb Code    24  printfa.o(i.__0printf)
    __1printf                                0x080025f1   Thumb Code     0  printfa.o(i.__0printf)
    __2printf                                0x080025f1   Thumb Code     0  printfa.o(i.__0printf)
    __c89printf                              0x080025f1   Thumb Code     0  printfa.o(i.__0printf)
    printf                                   0x080025f1   Thumb Code     0  printfa.o(i.__0printf)
    __0snprintf                              0x08002611   Thumb Code    38  printfa.o(i.__0snprintf)
    __1snprintf                              0x08002611   Thumb Code     0  printfa.o(i.__0snprintf)
    __2snprintf                              0x08002611   Thumb Code     0  printfa.o(i.__0snprintf)
    __c89snprintf                            0x08002611   Thumb Code     0  printfa.o(i.__0snprintf)
    snprintf                                 0x08002611   Thumb Code     0  printfa.o(i.__0snprintf)
    __0sprintf                               0x0800263d   Thumb Code    36  printfa.o(i.__0sprintf)
    __1sprintf                               0x0800263d   Thumb Code     0  printfa.o(i.__0sprintf)
    __2sprintf                               0x0800263d   Thumb Code     0  printfa.o(i.__0sprintf)
    __c89sprintf                             0x0800263d   Thumb Code     0  printfa.o(i.__0sprintf)
    sprintf                                  0x0800263d   Thumb Code     0  printfa.o(i.__0sprintf)
    __ARM_clz                                0x08002665   Thumb Code    46  depilogue.o(i.__ARM_clz)
    __ARM_common_ll_muluu                    0x08002693   Thumb Code    48  stm32f0xx_hal_rcc.o(i.__ARM_common_ll_muluu)
    __ARM_common_switch8                     0x080026c3   Thumb Code    26  athandle.o(i.__ARM_common_switch8)
    __scatterload_copy                       0x08002721   Thumb Code    14  handlers.o(i.__scatterload_copy)
    __scatterload_null                       0x0800272f   Thumb Code     2  handlers.o(i.__scatterload_null)
    __scatterload_zeroinit                   0x08002731   Thumb Code    14  handlers.o(i.__scatterload_zeroinit)
    atCmdRecvTcpData                         0x08002ff1   Thumb Code   154  athandle.o(i.atCmdRecvTcpData)
    atCmdSendHex                             0x08003155   Thumb Code    16  athandle.o(i.atCmdSendHex)
    atCmdSendStr                             0x0800316d   Thumb Code    22  athandle.o(i.atCmdSendStr)
    atCmdSendbyte                            0x0800318d   Thumb Code    16  athandle.o(i.atCmdSendbyte)
    atCmdsendTcpData                         0x080031a5   Thumb Code   120  athandle.o(i.atCmdsendTcpData)
    atTableCmdNum                            0x08003241   Thumb Code     4  athandle.o(i.atTableCmdNum)
    at_cmd_parse                             0x08003245   Thumb Code   436  atprocess.o(i.at_cmd_parse)
    at_cmd_recv                              0x08003465   Thumb Code   528  atprocess.o(i.at_cmd_recv)
    atoi                                     0x0800376d   Thumb Code    74  bsp_645.o(i.atoi)
    deal_ate_func                            0x080037b9   Thumb Code    16  athandle.o(i.deal_ate_func)
    deal_cgreg_func                          0x080037d9   Thumb Code    50  athandle.o(i.deal_cgreg_func)
    deal_cip_send_func                       0x08003891   Thumb Code    34  athandle.o(i.deal_cip_send_func)
    deal_cip_shut_func                       0x080038f5   Thumb Code    22  athandle.o(i.deal_cip_shut_func)
    deal_cip_status_func                     0x08003955   Thumb Code    16  athandle.o(i.deal_cip_status_func)
    deal_cpin_func                           0x08003981   Thumb Code    62  athandle.o(i.deal_cpin_func)
    deal_csq_func                            0x08003a35   Thumb Code    48  athandle.o(i.deal_csq_func)
    deal_gsn_func                            0x08003a8d   Thumb Code   118  athandle.o(i.deal_gsn_func)
    deal_pdp_deact_func                      0x08003b7d   Thumb Code    22  athandle.o(i.deal_pdp_deact_func)
    deal_sock_already_func                   0x08003bc1   Thumb Code    66  athandle.o(i.deal_sock_already_func)
    deal_sock_close_func                     0x08003c69   Thumb Code    22  athandle.o(i.deal_sock_close_func)
    deal_sock_connect_func                   0x08003cc9   Thumb Code    66  athandle.o(i.deal_sock_connect_func)
    deal_sock_send_func                      0x08003d71   Thumb Code    16  athandle.o(i.deal_sock_send_func)
    deal_sock_start_func                     0x08003d9d   Thumb Code    16  athandle.o(i.deal_sock_start_func)
    fputc                                    0x08003dc9   Thumb Code    18  main.o(i.fputc)
    isdigit                                  0x08003de1   Thumb Code    14  bsp_645.o(i.isdigit)
    isspace                                  0x08003def   Thumb Code    32  bsp_645.o(i.isspace)
    jcFifoFreeLen                            0x08003e0f   Thumb Code    26  jcfifo.o(i.jcFifoFreeLen)
    jcFifoInit                               0x08003e29   Thumb Code    20  jcfifo.o(i.jcFifoInit)
    jcFifoReadByte_del                       0x08003e3d   Thumb Code    82  jcfifo.o(i.jcFifoReadByte_del)
    jcFifoUsedLen                            0x08003e8f   Thumb Code    30  jcfifo.o(i.jcFifoUsedLen)
    jcFifoWrite                              0x08003ead   Thumb Code    72  jcfifo.o(i.jcFifoWrite)
    main                                     0x08003ef5   Thumb Code   498  main.o(i.main)
    string_split                             0x080041ed   Thumb Code    84  atprocess.o(i.string_split)
    uartUserInit                             0x08004241   Thumb Code    74  usart.o(i.uartUserInit)
    AHBPrescTable                            0x08004353   Data          16  system_stm32f0xx.o(.constdata)
    APBPrescTable                            0x08004363   Data           8  system_stm32f0xx.o(.constdata)
    Region$$Table$$Base                      0x080043fc   Number         0  anon$$obj.o(Region$$Table)
    Region$$Table$$Limit                     0x0800441c   Number         0  anon$$obj.o(Region$$Table)
    AHT_State                                0x20000000   Data           1  aht10.o(.data)
    AHT_DATA_FLAG                            0x20000001   Data           1  aht10.o(.data)
    AHT_TimeCnt                              0x20000002   Data           2  aht10.o(.data)
    Humidity                                 0x20000004   Data           4  aht10.o(.data)
    Temperature                              0x20000008   Data           4  aht10.o(.data)
    at_table                                 0x2000000c   Data         112  athandle.o(.data)
    atRecvNorFlag                            0x2000007c   Data           1  athandle.o(.data)
    signal                                   0x2000007d   Data           1  athandle.o(.data)
    devId                                    0x2000007e   Data           4  athandle.o(.data)
    lock1OpenFlag                            0x20000088   Data           4  main.o(.data)
    lock2OpenFlag                            0x2000008c   Data           4  main.o(.data)
    sysTimeCnt                               0x20000090   Data           4  tim.o(.data)
    uartRxByte                               0x2000009c   Data           1  usart.o(.data)
    rs485RxByte                              0x2000009d   Data           1  usart.o(.data)
    uartRecvFail                             0x200000a0   Data           4  usart.o(.data)
    uwTickFreq                               0x200000a4   Data           1  stm32f0xx_hal.o(.data)
    uwTickPrio                               0x200000a8   Data           4  stm32f0xx_hal.o(.data)
    uwTick                                   0x200000ac   Data           4  stm32f0xx_hal.o(.data)
    SystemCoreClock                          0x200000b0   Data           4  system_stm32f0xx.o(.data)
    __stdout                                 0x200000b4   Data           4  stdout.o(.data)
    hadc                                     0x200006d8   Data          64  adc.o(.bss)
    htim3                                    0x20000718   Data          64  tim.o(.bss)
    uartRxBuf                                0x20000758   Data         300  usart.o(.bss)
    rs485RxBuf                               0x20000884   Data         300  usart.o(.bss)
    uartRxFifo                               0x200009b0   Data          12  usart.o(.bss)
    rs485RxFifo                              0x200009bc   Data          12  usart.o(.bss)
    huart1                                   0x200009c8   Data         128  usart.o(.bss)
    huart2                                   0x20000a48   Data         128  usart.o(.bss)
    huart3                                   0x20000ac8   Data         128  usart.o(.bss)
    huart4                                   0x20000b48   Data         128  usart.o(.bss)
    __initial_sp                             0x20000fc8   Data           0  startup_stm32f030xc.o(STACK)



==============================================================================

Memory Map of the image

  Image Entry point : 0x080000b9

  Load Region LR_IROM1 (Base: 0x08000000, Size: 0x000044d4, Max: 0x00040000, ABSOLUTE)

    Execution Region ER_IROM1 (Base: 0x08000000, Size: 0x0000441c, Max: 0x00040000, ABSOLUTE)

    Base Addr    Size         Type   Attr      Idx    E Section Name        Object

    0x08000000   0x000000b8   Data   RO         3990    RESET               startup_stm32f030xc.o
    0x080000b8   0x00000000   Code   RO         4029  * .ARM.Collect$$$$00000000  mc_p.l(entry.o)
    0x080000b8   0x00000004   Code   RO         4327    .ARM.Collect$$$$00000001  mc_p.l(entry2.o)
    0x080000bc   0x00000004   Code   RO         4330    .ARM.Collect$$$$00000004  mc_p.l(entry5.o)
    0x080000c0   0x00000000   Code   RO         4332    .ARM.Collect$$$$00000008  mc_p.l(entry7b.o)
    0x080000c0   0x00000000   Code   RO         4334    .ARM.Collect$$$$0000000A  mc_p.l(entry8b.o)
    0x080000c0   0x00000008   Code   RO         4335    .ARM.Collect$$$$0000000B  mc_p.l(entry9a.o)
    0x080000c8   0x00000000   Code   RO         4337    .ARM.Collect$$$$0000000D  mc_p.l(entry10a.o)
    0x080000c8   0x00000000   Code   RO         4339    .ARM.Collect$$$$0000000F  mc_p.l(entry11a.o)
    0x080000c8   0x00000004   Code   RO         4328    .ARM.Collect$$$$00002712  mc_p.l(entry2.o)
    0x080000cc   0x0000001c   Code   RO         3991    .text               startup_stm32f030xc.o
    0x080000e8   0x0000002c   Code   RO         4032    .text               mc_p.l(uidiv.o)
    0x08000114   0x00000060   Code   RO         4034    .text               mc_p.l(uldiv.o)
    0x08000174   0x00000022   Code   RO         4036    .text               mc_p.l(llushr.o)
    0x08000196   0x00000024   Code   RO         4040    .text               mc_p.l(memseta.o)
    0x080001ba   0x00000028   Code   RO         4042    .text               mc_p.l(strstr.o)
    0x080001e2   0x0000000e   Code   RO         4044    .text               mc_p.l(strlen.o)
    0x080001f0   0x00000164   Code   RO         4311    .text               mf_p.l(dadd.o)
    0x08000354   0x000000f0   Code   RO         4313    .text               mf_p.l(ddiv.o)
    0x08000444   0x00000028   Code   RO         4323    .text               mf_p.l(f2d.o)
    0x0800046c   0x00000020   Code   RO         4342    .text               mc_p.l(llshl.o)
    0x0800048c   0x00000026   Code   RO         4344    .text               mc_p.l(llsshr.o)
    0x080004b2   0x00000000   Code   RO         4346    .text               mc_p.l(iusefp.o)
    0x080004b2   0x000000be   Code   RO         4349    .text               mf_p.l(depilogue.o)
    0x08000570   0x000000d0   Code   RO         4353    .text               mf_p.l(dmul.o)
    0x08000640   0x00000040   Code   RO         4355    .text               mf_p.l(dfixul.o)
    0x08000680   0x00000028   Code   RO         4357    .text               mf_p.l(cdrcmple.o)
    0x080006a8   0x00000024   Code   RO         4359    .text               mc_p.l(init.o)
    0x080006cc   0x0000004c   Code   RO            4    i.AHT_Init          aht10.o
    0x08000718   0x00000030   Code   RO          232    i.BH1750_Init       bh1750.o
    0x08000748   0x00000002   Code   RO          741    i.Error_Handler     main.o
    0x0800074a   0x00000002   PAD
    0x0800074c   0x00000110   Code   RO         1110    i.HAL_ADC_ConfigChannel  stm32f0xx_hal_adc.o
    0x0800085c   0x00000174   Code   RO         1119    i.HAL_ADC_Init      stm32f0xx_hal_adc.o
    0x080009d0   0x00000058   Code   RO          836    i.HAL_ADC_MspInit   adc.o
    0x08000a28   0x00000048   Code   RO         2139    i.HAL_DMA_Abort_IT  stm32f0xx_hal_dma.o
    0x08000a70   0x00000024   Code   RO         1430    i.HAL_Delay         stm32f0xx_hal.o
    0x08000a94   0x00000148   Code   RO         2077    i.HAL_GPIO_Init     stm32f0xx_hal_gpio.o
    0x08000bdc   0x0000000a   Code   RO         2079    i.HAL_GPIO_ReadPin  stm32f0xx_hal_gpio.o
    0x08000be6   0x0000000c   Code   RO         2081    i.HAL_GPIO_WritePin  stm32f0xx_hal_gpio.o
    0x08000bf2   0x00000002   PAD
    0x08000bf4   0x0000000c   Code   RO         1434    i.HAL_GetTick       stm32f0xx_hal.o
    0x08000c00   0x00000010   Code   RO         1440    i.HAL_IncTick       stm32f0xx_hal.o
    0x08000c10   0x00000020   Code   RO         1441    i.HAL_Init          stm32f0xx_hal.o
    0x08000c30   0x00000044   Code   RO         1442    i.HAL_InitTick      stm32f0xx_hal.o
    0x08000c74   0x00000028   Code   RO         1083    i.HAL_MspInit       stm32f0xx_hal_msp.o
    0x08000c9c   0x00000018   Code   RO         2234    i.HAL_NVIC_EnableIRQ  stm32f0xx_hal_cortex.o
    0x08000cb4   0x00000008   Code   RO         2238    i.HAL_NVIC_SetPriority  stm32f0xx_hal_cortex.o
    0x08000cbc   0x000000e8   Code   RO         1395    i.HAL_RCCEx_PeriphCLKConfig  stm32f0xx_hal_rcc_ex.o
    0x08000da4   0x00000108   Code   RO         1300    i.HAL_RCC_ClockConfig  stm32f0xx_hal_rcc.o
    0x08000eac   0x00000020   Code   RO         1307    i.HAL_RCC_GetPCLK1Freq  stm32f0xx_hal_rcc.o
    0x08000ecc   0x00000078   Code   RO         1308    i.HAL_RCC_GetSysClockFreq  stm32f0xx_hal_rcc.o
    0x08000f44   0x00000388   Code   RO         1311    i.HAL_RCC_OscConfig  stm32f0xx_hal_rcc.o
    0x080012cc   0x00000030   Code   RO         2242    i.HAL_SYSTICK_Config  stm32f0xx_hal_cortex.o
    0x080012fc   0x00000002   Code   RO         3359    i.HAL_TIMEx_BreakCallback  stm32f0xx_hal_tim_ex.o
    0x080012fe   0x00000002   Code   RO         3360    i.HAL_TIMEx_CommutCallback  stm32f0xx_hal_tim_ex.o
    0x08001300   0x0000005c   Code   RO         3377    i.HAL_TIMEx_MasterConfigSynchronization  stm32f0xx_hal_tim_ex.o
    0x0800135c   0x00000034   Code   RO         2676    i.HAL_TIM_Base_Init  stm32f0xx_hal_tim.o
    0x08001390   0x00000034   Code   RO          897    i.HAL_TIM_Base_MspInit  tim.o
    0x080013c4   0x00000020   Code   RO         2681    i.HAL_TIM_Base_Start_IT  stm32f0xx_hal_tim.o
    0x080013e4   0x000000d0   Code   RO         2685    i.HAL_TIM_ConfigClockSource  stm32f0xx_hal_tim.o
    0x080014b4   0x00000002   Code   RO         2707    i.HAL_TIM_IC_CaptureCallback  stm32f0xx_hal_tim.o
    0x080014b6   0x00000162   Code   RO         2721    i.HAL_TIM_IRQHandler  stm32f0xx_hal_tim.o
    0x08001618   0x00000002   Code   RO         2724    i.HAL_TIM_OC_DelayElapsedCallback  stm32f0xx_hal_tim.o
    0x0800161a   0x00000002   Code   RO         2751    i.HAL_TIM_PWM_PulseFinishedCallback  stm32f0xx_hal_tim.o
    0x0800161c   0x00000098   Code   RO          898    i.HAL_TIM_PeriodElapsedCallback  tim.o
    0x080016b4   0x00000002   Code   RO         2764    i.HAL_TIM_TriggerCallback  stm32f0xx_hal_tim.o
    0x080016b6   0x00000002   Code   RO         3628    i.HAL_UART_ErrorCallback  stm32f0xx_hal_uart.o
    0x080016b8   0x00000148   Code   RO         3631    i.HAL_UART_IRQHandler  stm32f0xx_hal_uart.o
    0x08001800   0x0000006a   Code   RO         3632    i.HAL_UART_Init     stm32f0xx_hal_uart.o
    0x0800186a   0x00000002   PAD
    0x0800186c   0x00000134   Code   RO          947    i.HAL_UART_MspInit  usart.o
    0x080019a0   0x000000c4   Code   RO         3637    i.HAL_UART_Receive_IT  stm32f0xx_hal_uart.o
    0x08001a64   0x00000100   Code   RO          948    i.HAL_UART_RxCpltCallback  usart.o
    0x08001b64   0x000000ce   Code   RO         3641    i.HAL_UART_Transmit  stm32f0xx_hal_uart.o
    0x08001c32   0x00000002   Code   RO         3644    i.HAL_UART_TxCpltCallback  stm32f0xx_hal_uart.o
    0x08001c34   0x00000002   Code   RO         1017    i.HardFault_Handler  stm32f0xx_it.o
    0x08001c36   0x0000001a   Code   RO          154    i.IIC_Init          iic.o
    0x08001c50   0x0000005c   Code   RO          157    i.IIC_Send_Byte     iic.o
    0x08001cac   0x0000003a   Code   RO          158    i.IIC_Start         iic.o
    0x08001ce6   0x0000003a   Code   RO          159    i.IIC_Stop          iic.o
    0x08001d20   0x00000036   Code   RO          160    i.IIC_Wait_Ack      iic.o
    0x08001d56   0x0000000c   Code   RO          161    i.IIC_delay         iic.o
    0x08001d62   0x00000002   PAD
    0x08001d64   0x00000094   Code   RO          837    i.MX_ADC_Init       adc.o
    0x08001df8   0x000000d4   Code   RO          815    i.MX_GPIO_Init      gpio.o
    0x08001ecc   0x0000006c   Code   RO          899    i.MX_TIM3_Init      tim.o
    0x08001f38   0x00000040   Code   RO          949    i.MX_USART1_UART_Init  usart.o
    0x08001f78   0x00000038   Code   RO          950    i.MX_USART2_UART_Init  usart.o
    0x08001fb0   0x00000038   Code   RO          951    i.MX_USART3_UART_Init  usart.o
    0x08001fe8   0x00000038   Code   RO          952    i.MX_USART4_UART_Init  usart.o
    0x08002020   0x00000002   Code   RO         1018    i.NMI_Handler       stm32f0xx_it.o
    0x08002022   0x00000002   Code   RO         1019    i.PendSV_Handler    stm32f0xx_it.o
    0x08002024   0x0000001e   Code   RO          163    i.SDA_OUT           iic.o
    0x08002042   0x00000002   Code   RO         1020    i.SVC_Handler       stm32f0xx_it.o
    0x08002044   0x00000008   Code   RO         1021    i.SysTick_Handler   stm32f0xx_it.o
    0x0800204c   0x00000062   Code   RO          743    i.SystemClock_Config  main.o
    0x080020ae   0x00000002   Code   RO         3998    i.SystemInit        system_stm32f0xx.o
    0x080020b0   0x00000010   Code   RO         1022    i.TIM3_IRQHandler   stm32f0xx_it.o
    0x080020c0   0x00000088   Code   RO         2766    i.TIM_Base_SetConfig  stm32f0xx_hal_tim.o
    0x08002148   0x00000016   Code   RO         2777    i.TIM_ETR_SetConfig  stm32f0xx_hal_tim.o
    0x0800215e   0x00000010   Code   RO         2778    i.TIM_ITRx_SetConfig  stm32f0xx_hal_tim.o
    0x0800216e   0x00000022   Code   RO         2784    i.TIM_TI1_ConfigInputStage  stm32f0xx_hal_tim.o
    0x08002190   0x00000026   Code   RO         2786    i.TIM_TI2_ConfigInputStage  stm32f0xx_hal_tim.o
    0x080021b6   0x000000ca   Code   RO         3646    i.UART_AdvFeatureConfig  stm32f0xx_hal_uart.o
    0x08002280   0x00000060   Code   RO         3647    i.UART_CheckIdleState  stm32f0xx_hal_uart.o
    0x080022e0   0x00000014   Code   RO         3648    i.UART_DMAAbortOnError  stm32f0xx_hal_uart.o
    0x080022f4   0x00000020   Code   RO         3658    i.UART_EndRxTransfer  stm32f0xx_hal_uart.o
    0x08002314   0x00000058   Code   RO         3660    i.UART_RxISR_16BIT  stm32f0xx_hal_uart.o
    0x0800236c   0x00000058   Code   RO         3661    i.UART_RxISR_8BIT   stm32f0xx_hal_uart.o
    0x080023c4   0x00000170   Code   RO         3662    i.UART_SetConfig    stm32f0xx_hal_uart.o
    0x08002534   0x0000009c   Code   RO         3665    i.UART_WaitOnFlagUntilTimeout  stm32f0xx_hal_uart.o
    0x080025d0   0x00000010   Code   RO         1023    i.USART1_IRQHandler  stm32f0xx_it.o
    0x080025e0   0x00000010   Code   RO         1024    i.USART2_IRQHandler  stm32f0xx_it.o
    0x080025f0   0x00000020   Code   RO         4281    i.__0printf         mc_p.l(printfa.o)
    0x08002610   0x0000002c   Code   RO         4282    i.__0snprintf       mc_p.l(printfa.o)
    0x0800263c   0x00000028   Code   RO         4283    i.__0sprintf        mc_p.l(printfa.o)
    0x08002664   0x0000002e   Code   RO         4351    i.__ARM_clz         mf_p.l(depilogue.o)
    0x08002692   0x00000030   Code   RO         1385    i.__ARM_common_ll_muluu  stm32f0xx_hal_rcc.o
    0x080026c2   0x0000001a   Code   RO          420    i.__ARM_common_switch8  athandle.o
    0x080026dc   0x00000044   Code   RO         2244    i.__NVIC_SetPriority  stm32f0xx_hal_cortex.o
    0x08002720   0x0000000e   Code   RO         4363    i.__scatterload_copy  mc_p.l(handlers.o)
    0x0800272e   0x00000002   Code   RO         4364    i.__scatterload_null  mc_p.l(handlers.o)
    0x08002730   0x0000000e   Code   RO         4365    i.__scatterload_zeroinit  mc_p.l(handlers.o)
    0x0800273e   0x00000002   PAD
    0x08002740   0x00000158   Code   RO         4288    i._fp_digits        mc_p.l(printfa.o)
    0x08002898   0x000006ec   Code   RO         4289    i._printf_core      mc_p.l(printfa.o)
    0x08002f84   0x00000020   Code   RO         4290    i._printf_post_padding  mc_p.l(printfa.o)
    0x08002fa4   0x0000002c   Code   RO         4291    i._printf_pre_padding  mc_p.l(printfa.o)
    0x08002fd0   0x00000016   Code   RO         4292    i._snputc           mc_p.l(printfa.o)
    0x08002fe6   0x0000000a   Code   RO         4293    i._sputc            mc_p.l(printfa.o)
    0x08002ff0   0x00000164   Code   RO          283    i.atCmdRecvTcpData  athandle.o
    0x08003154   0x00000018   Code   RO          284    i.atCmdSendHex      athandle.o
    0x0800316c   0x00000020   Code   RO          285    i.atCmdSendStr      athandle.o
    0x0800318c   0x00000018   Code   RO          286    i.atCmdSendbyte     athandle.o
    0x080031a4   0x0000009c   Code   RO          287    i.atCmdsendTcpData  athandle.o
    0x08003240   0x00000004   Code   RO          288    i.atTableCmdNum     athandle.o
    0x08003244   0x00000220   Code   RO          439    i.at_cmd_parse      atprocess.o
    0x08003464   0x00000308   Code   RO          440    i.at_cmd_recv       atprocess.o
    0x0800376c   0x0000004a   Code   RO          632    i.atoi              bsp_645.o
    0x080037b6   0x00000002   PAD
    0x080037b8   0x00000020   Code   RO          289    i.deal_ate_func     athandle.o
    0x080037d8   0x000000b8   Code   RO          290    i.deal_cgreg_func   athandle.o
    0x08003890   0x00000064   Code   RO          291    i.deal_cip_send_func  athandle.o
    0x080038f4   0x00000060   Code   RO          292    i.deal_cip_shut_func  athandle.o
    0x08003954   0x0000002c   Code   RO          293    i.deal_cip_status_func  athandle.o
    0x08003980   0x000000b4   Code   RO          294    i.deal_cpin_func    athandle.o
    0x08003a34   0x00000058   Code   RO          295    i.deal_csq_func     athandle.o
    0x08003a8c   0x000000f0   Code   RO          296    i.deal_gsn_func     athandle.o
    0x08003b7c   0x00000044   Code   RO          297    i.deal_pdp_deact_func  athandle.o
    0x08003bc0   0x000000a8   Code   RO          298    i.deal_sock_already_func  athandle.o
    0x08003c68   0x00000060   Code   RO          299    i.deal_sock_close_func  athandle.o
    0x08003cc8   0x000000a8   Code   RO          300    i.deal_sock_connect_func  athandle.o
    0x08003d70   0x0000002c   Code   RO          301    i.deal_sock_send_func  athandle.o
    0x08003d9c   0x0000002c   Code   RO          302    i.deal_sock_start_func  athandle.o
    0x08003dc8   0x00000018   Code   RO          744    i.fputc             main.o
    0x08003de0   0x0000000e   Code   RO          633    i.isdigit           bsp_645.o
    0x08003dee   0x00000020   Code   RO          634    i.isspace           bsp_645.o
    0x08003e0e   0x0000001a   Code   RO          487    i.jcFifoFreeLen     jcfifo.o
    0x08003e28   0x00000014   Code   RO          488    i.jcFifoInit        jcfifo.o
    0x08003e3c   0x00000052   Code   RO          489    i.jcFifoReadByte_del  jcfifo.o
    0x08003e8e   0x0000001e   Code   RO          491    i.jcFifoUsedLen     jcfifo.o
    0x08003eac   0x00000048   Code   RO          492    i.jcFifoWrite       jcfifo.o
    0x08003ef4   0x000002f8   Code   RO          745    i.main              main.o
    0x080041ec   0x00000054   Code   RO          441    i.string_split      atprocess.o
    0x08004240   0x00000058   Code   RO          953    i.uartUserInit      usart.o
    0x08004298   0x000000bb   Data   RO          303    .constdata          athandle.o
    0x08004353   0x00000010   Data   RO         3999    .constdata          system_stm32f0xx.o
    0x08004363   0x00000008   Data   RO         4000    .constdata          system_stm32f0xx.o
    0x0800436b   0x00000001   PAD
    0x0800436c   0x00000090   Data   RO          304    .conststring        athandle.o
    0x080043fc   0x00000020   Data   RO         4361    Region$$Table       anon$$obj.o


    Execution Region RW_IRAM1 (Base: 0x20000000, Size: 0x00000fc8, Max: 0x00008000, ABSOLUTE)

    Base Addr    Size         Type   Attr      Idx    E Section Name        Object

    0x20000000   0x0000000c   Data   RW            7    .data               aht10.o
    0x2000000c   0x00000070   Data   RW          305    .data               athandle.o
    0x2000007c   0x00000006   Data   RW          306    .data               athandle.o
    0x20000082   0x00000006   Data   RW          443    .data               atprocess.o
    0x20000088   0x00000008   Data   RW          747    .data               main.o
    0x20000090   0x0000000c   Data   RW          901    .data               tim.o
    0x2000009c   0x00000008   Data   RW          955    .data               usart.o
    0x200000a4   0x0000000c   Data   RW         1448    .data               stm32f0xx_hal.o
    0x200000b0   0x00000004   Data   RW         4001    .data               system_stm32f0xx.o
    0x200000b4   0x00000004   Data   RW         4341    .data               mc_p.l(stdout.o)
    0x200000b8   0x00000010   Zero   RW            6    .bss                aht10.o
    0x200000c8   0x00000010   Zero   RW          236    .bss                bh1750.o
    0x200000d8   0x00000600   Zero   RW          442    .bss                atprocess.o
    0x200006d8   0x00000040   Zero   RW          838    .bss                adc.o
    0x20000718   0x00000040   Zero   RW          900    .bss                tim.o
    0x20000758   0x00000470   Zero   RW          954    .bss                usart.o
    0x20000bc8   0x00000400   Zero   RW         3988    STACK               startup_stm32f030xc.o


==============================================================================

Image component sizes


      Code (inc. data)   RO Data    RW Data    ZI Data      Debug   Object Name

       236         20          0          0         64       1595   adc.o
        76          4          0         12         16     297177   aht10.o
      2174       1250        331        118          0      14322   athandle.o
      1404        356          0          6       1536       4729   atprocess.o
        48          8          0          0         16       1152   bh1750.o
       120          0          0          0          0       3495   bsp_645.o
       212         24          0          0          0        911   gpio.o
       330          0          0          0          0       3772   iic.o
       230          0          0          0          0       3718   jcfifo.o
       884        268          0          8          0       4875   main.o
         0          0          0          0          0       1240   rs485handle.o
        28          8        184          0       1024        580   startup_stm32f030xc.o
       164         30          0         12          0       7969   stm32f0xx_hal.o
       644         26          0          0          0       2567   stm32f0xx_hal_adc.o
       148         24          0          0          0      10249   stm32f0xx_hal_cortex.o
        72          0          0          0          0       1075   stm32f0xx_hal_dma.o
       350         26          0          0          0       2815   stm32f0xx_hal_gpio.o
        40          6          0          0          0        774   stm32f0xx_hal_msp.o
      1368         88          0          0          0       4577   stm32f0xx_hal_rcc.o
       232         14          0          0          0       1336   stm32f0xx_hal_rcc_ex.o
       900         24          0          0          0       9141   stm32f0xx_hal_tim.o
        96         14          0          0          0       2305   stm32f0xx_hal_tim_ex.o
      1890         72          0          0          0      11476   stm32f0xx_hal_uart.o
        64         18          0          0          0       3329   stm32f0xx_it.o
         2          0         24          4          0       1055   system_stm32f0xx.o
       312         50          0         12         64       2407   tim.o
       884        194          0          8       1136       4863   usart.o

    ----------------------------------------------------------------------
     12918       2524        572        180       3856     403504   Object Totals
         0          0         32          0          0          0   (incl. Generated)
        10          0          1          0          0          0   (incl. Padding)

    ----------------------------------------------------------------------

      Code (inc. data)   RO Data    RW Data    ZI Data      Debug   Library Member Name

         0          0          0          0          0          0   entry.o
         0          0          0          0          0          0   entry10a.o
         0          0          0          0          0          0   entry11a.o
         8          4          0          0          0          0   entry2.o
         4          0          0          0          0          0   entry5.o
         0          0          0          0          0          0   entry7b.o
         0          0          0          0          0          0   entry8b.o
         8          4          0          0          0          0   entry9a.o
        30          0          0          0          0          0   handlers.o
        36          8          0          0          0         68   init.o
         0          0          0          0          0          0   iusefp.o
        32          0          0          0          0         68   llshl.o
        38          0          0          0          0         68   llsshr.o
        34          0          0          0          0         68   llushr.o
        36          0          0          0          0        100   memseta.o
      2340        108          0          0          0        700   printfa.o
         0          0          0          4          0          0   stdout.o
        14          0          0          0          0         60   strlen.o
        40          0          0          0          0         72   strstr.o
        44          0          0          0          0         72   uidiv.o
        96          0          0          0          0         84   uldiv.o
        40          2          0          0          0         68   cdrcmple.o
       356          4          0          0          0        140   dadd.o
       240          6          0          0          0         84   ddiv.o
       236          0          0          0          0        216   depilogue.o
        64         10          0          0          0         68   dfixul.o
       208          6          0          0          0         88   dmul.o
        40          0          0          0          0         60   f2d.o

    ----------------------------------------------------------------------
      3946        152          0          4          0       2084   Library Totals
         2          0          0          0          0          0   (incl. Padding)

    ----------------------------------------------------------------------

      Code (inc. data)   RO Data    RW Data    ZI Data      Debug   Library Name

      2760        124          0          4          0       1360   mc_p.l
      1184         28          0          0          0        724   mf_p.l

    ----------------------------------------------------------------------
      3946        152          0          4          0       2084   Library Totals

    ----------------------------------------------------------------------

==============================================================================


      Code (inc. data)   RO Data    RW Data    ZI Data      Debug   

     16864       2676        572        184       3856     399616   Grand Totals
     16864       2676        572        184       3856     399616   ELF Image Totals
     16864       2676        572        184          0          0   ROM Totals

==============================================================================

    Total RO  Size (Code + RO Data)                17436 (  17.03kB)
    Total RW  Size (RW Data + ZI Data)              4040 (   3.95kB)
    Total ROM Size (Code + RO Data + RW Data)      17620 (  17.21kB)

==============================================================================

