<html>
<body>
<pre>
<h1>礦ision Build Log</h1>
<h2>Tool Versions:</h2>
IDE-Version: μVision V5.17.0.0
Copyright (C) 2015 ARM Ltd and ARM Germany GmbH. All rights reserved.
License Information: xiaoye xiaoye, xiaoye, LIC=MPPMM-XGFBJ-Z95G9-4SBEH-UZXP7-7VWRM
 
Tool Versions:
Toolchain:       MDK-ARM Standard  Version: 5.17
Toolchain Path:  C:\Keil_v5\ARM\ARMCC\Bin
C Compiler:      Armcc.exe V5.06 update 1 (build 61)
Assembler:       Armasm.exe V5.06 update 1 (build 61)
Linker/Locator:  ArmLink.exe V5.06 update 1 (build 61)
Library Manager: ArmAr.exe V5.06 update 1 (build 61)
Hex Converter:   FromElf.exe V5.06 update 1 (build 61)
CPU DLL:         SARMCM3.DLL V5.17
Dialog DLL:      DARMCM1.DLL V1.12.0.0
Target DLL:      STLink\ST-LINKIII-KEIL_SWO.dll V2.0.18.0
Dialog DLL:      TARMCM1.DLL V1.9.0.0
 
<h2>Project:</h2>
F:\派贤\路灯项目\softwave\streetLamp\MDK-ARM\streetLamp.uvprojx
Project File Date:  05/12/2020

<h2>Output:</h2>
*** Using Compiler 'V5.06 update 1 (build 61)', folder: 'C:\Keil_v5\ARM\ARMCC\Bin'
Build target 'streetLamp'
compiling atHandle.c...
..\Src\core\atHandle.h(41): warning:  #1295-D: Deprecated declaration atTableCmdNum - give arg types
  int atTableCmdNum();
..\Src\core\atHandle.c(43): warning:  #223-D: function "strlen" declared implicitly
      HAL_UART_Transmit(&huart2,buf,strlen(buf),0xffff);
..\Src\core\atHandle.c(44): warning:  #940-D: missing return statement at end of non-void function "atCmdSendStr"
  }
..\Src\core\atHandle.c(49): warning:  #940-D: missing return statement at end of non-void function "atCmdSendbyte"
  }
..\Src\core\atHandle.c(55): warning:  #940-D: missing return statement at end of non-void function "atCmdSendHex"
  }
..\Src\core\atHandle.c(61): warning:  #177-D: variable "len" was declared but never referenced
     unsigned char len = 0,i = 0;
..\Src\core\atHandle.c(77): warning:  #223-D: function "printf" declared implicitly
      printf("sendbuf:%s.\r\n",data);
..\Src\core\atHandle.c(101): warning:  #940-D: missing return statement at end of non-void function "atCmdsendTcpData"
  }
..\Src\core\atHandle.c(106): warning:  #223-D: function "printf" declared implicitly
      printf("recv cloud data,cmd:%02x.\r\n",data[10]);
..\Src\core\atHandle.c(116): warning:  #188-D: enumerated type mixed with another type
              HAL_GPIO_WritePin(
OCK1_GPIO_Port,
OCK1_Pin,1);
..\Src\core\atHandle.c(118): warning:  #188-D: enumerated type mixed with another type
              HAL_GPIO_WritePin(
OCK1_GPIO_Port,
OCK1_Pin,0);
..\Src\core\atHandle.c(124): warning:  #188-D: enumerated type mixed with another type
              HAL_GPIO_WritePin(
OCK2_GPIO_Port,
OCK2_Pin,1);
..\Src\core\atHandle.c(126): warning:  #188-D: enumerated type mixed with another type
              HAL_GPIO_WritePin(
OCK2_GPIO_Port,
OCK2_Pin,0);
..\Src\core\atHandle.c(132): warning:  #188-D: enumerated type mixed with another type
              HAL_GPIO_WritePin(
ELAY1_GPIO_Port,
ELAY1_Pin,1);
..\Src\core\atHandle.c(138): warning:  #188-D: enumerated type mixed with another type
              HAL_GPIO_WritePin(
ELAY1_GPIO_Port,
ELAY1_Pin,0);
..\Src\core\atHandle.c(144): warning:  #188-D: enumerated type mixed with another type
              HAL_GPIO_WritePin(
ELAY2_GPIO_Port,
ELAY2_Pin,1); 
..\Src\core\atHandle.c(150): warning:  #188-D: enumerated type mixed with another type
              HAL_GPIO_WritePin(
ELAY2_GPIO_Port,
ELAY2_Pin,0); 
..\Src\core\atHandle.c(157): warning:  #940-D: missing return statement at end of non-void function "atCmdRecvTcpData"
  }
..\Src\core\atHandle.c(166): warning:  #223-D: function "atoi" declared implicitly
      int csqInt = atoi(argv[0]);
..\Src\core\atHandle.c(167): warning:  #223-D: function "printf" declared implicitly
      printf("csq:%d.\r\n",csqInt);
..\Src\core\atHandle.c(178): warning:  #940-D: missing return statement at end of non-void function "deal_csq_func"
  }
..\Src\core\atHandle.c(185): warning:  #940-D: missing return statement at end of non-void function "deal_ate_func"
  }
..\Src\core\atHandle.c(190): warning:  #223-D: function "printf" declared implicitly
      printf("imei:%s\r\n",cmdBuf[1]);
..\Src\core\atHandle.c(219): warning:  #940-D: missing return statement at end of non-void function "deal_gsn_func"
  }
..\Src\core\atHandle.c(224): warning:  #223-D: function "printf" declared implicitly
      printf("sim card status:%s\r\n",cmdBuf[1]);
..\Src\core\atHandle.c(225): warning:  #223-D: function "strstr" declared implicitly
      if(strstr(cmdBuf[1],"READY") != NULL)
..\Src\core\atHandle.c(236): warning:  #940-D: missing return statement at end of non-void function "deal_cpin_func"
  }
..\Src\core\atHandle.c(245): warning:  #223-D: function "printf" declared implicitly
      printf("cgreg:%s,%s.\r\n",argv[0],argv[1]);
..\Src\core\atHandle.c(246): warning:  #223-D: function "atoi" declared implicitly
  		int cgregInt = atoi(argv[1]);
..\Src\core\atHandle.c(257): warning:  #940-D: missing return statement at end of non-void function "deal_cgreg_func"
  }
..\Src\core\atHandle.c(262): warning:  #223-D: function "printf" declared implicitly
      printf("%s cmd:%d,result:%d\r\n",__func__,cmd,result);
..\Src\core\atHandle.c(263): warning:  #940-D: missing return statement at end of non-void function "deal_sock_start_func"
  }
..\Src\core\atHandle.c(267): warning:  #223-D: function "printf" declared implicitly
      printf("%s cmd:%d,result:%d\r\n",__func__,cmd,result);
..\Src\core\atHandle.c(270): warning:  #223-D: function "sprintf" declared implicitly
      sprintf(sendBuf,"{\"device_type\":\"0004\", \"UUID\":\"%02x%02x%02x%02x\"}",devId[0],devId[1],devId[2],devId[3]);
..\Src\core\atHandle.c(273): warning:  #940-D: missing return statement at end of non-void function "deal_sock_connect_func"
  }
..\Src\core\atHandle.c(277): warning:  #223-D: function "printf" declared implicitly
      printf("%s cmd:%d,result:%d\r\n",__func__,cmd,result);
..\Src\core\atHandle.c(278): warning:  #940-D: missing return statement at end of non-void function "deal_sock_send_func"
  }
..\Src\core\atHandle.c(282): warning:  #223-D: function "printf" declared implicitly
      printf("%s cmd:%d,result:%d\r\n",__func__,cmd,result);
..\Src\core\atHandle.c(284): warning:  #940-D: missing return statement at end of non-void function "deal_sock_close_func"
  }
..\Src\core\atHandle.c(288): warning:  #223-D: function "printf" declared implicitly
      printf("%s cmd:%d,result:%d\r\n",__func__,cmd,result);
..\Src\core\atHandle.c(291): warning:  #223-D: function "sprintf" declared implicitly
      sprintf(sendBuf,"{\"device_type\":\"0004\", \"UUID\":\"%02x%02x%02x%02x\"}",devId[0],devId[1],devId[2],devId[3]);
..\Src\core\atHandle.c(294): warning:  #940-D: missing return statement at end of non-void function "deal_sock_already_func"
  }
..\Src\core\atHandle.c(298): warning:  #223-D: function "printf" declared implicitly
      printf("%s cmd:%d,result:%d\r\n",__func__,cmd,result);
..\Src\core\atHandle.c(304): warning:  #940-D: missing return statement at end of non-void function "deal_cip_send_func"
  }
..\Src\core\atHandle.c(308): warning:  #223-D: function "printf" declared implicitly
      printf("%s cmd:%d,result:%d\r\n",__func__,cmd,result);
..\Src\core\atHandle.c(310): warning:  #940-D: missing return statement at end of non-void function "deal_pdp_deact_func"
  }
..\Src\core\atHandle.c(314): warning:  #223-D: function "printf" declared implicitly
      printf("%s cmd:%d,result:%d\r\n",__func__,cmd,result);
..\Src\core\atHandle.c(315): warning:  #940-D: missing return statement at end of non-void function "deal_cip_status_func"
  }
..\Src\core\atHandle.c(319): warning:  #223-D: function "printf" declared implicitly
      printf("%s cmd:%d,result:%d\r\n",__func__,cmd,result);
..\Src\core\atHandle.c(321): warning:  #940-D: missing return statement at end of non-void function "deal_cip_shut_func"
  }
..\Src\core\atHandle.c: 50 warnings, 0 errors
linking...
Program Size: Code=16864 RO-data=572 RW-data=184 ZI-data=3856  
FromELF: creating hex file...
"streetLamp\streetLamp.axf" - 0 Error(s), 50 Warning(s).

<h2>Software Packages used:</h2>

Package Vendor: ARM
                http://www.keil.com/pack/ARM.CMSIS.4.5.0.pack
                ARM::CMSIS:CORE:4.3.0
                CMSIS (Cortex Microcontroller Software Interface Standard)
   * Component: CORE Version: 4.3.0

<h2>Collection of Component include folders:</h2>
  F:\派贤\路灯项目\softwave\streetLamp\MDK-ARM\RTE
  C:\Keil_v5\ARM\PACK\ARM\CMSIS\4.5.0\CMSIS\Include
  C:\Keil_v5\ARM\PACK\Keil\STM32F0xx_DFP\2.0.0\Drivers\CMSIS\Device\ST\STM32F0xx\Include

<h2>Collection of Component Files used:</h2>

   * Component: ARM::CMSIS:CORE:4.3.0
Build Time Elapsed:  00:00:03
</pre>
</body>
</html>
